<?xml version="1.0" encoding="utf-8"?>
<TestRun id="7a592563-4d57-4fcb-973b-15309f679007" name="BreezeSummer@BREEZEPRO 2026-10-08 23:20:02" runUser="BreezePro\BreezeSummer" xmlns="http://microsoft.com/schemas/VisualStudio/TeamTest/2010">
  <Times creation="2026-10-08T23:20:02.0150202+08:00" queuing="2026-10-08T23:20:02.0150204+08:00" start="2026-10-08T23:20:00.8826375+08:00" finish="2026-10-08T23:20:04.1971642+08:00" />
  <TestSettings name="default" id="9cce0fbf-21f0-43f0-9f03-c22ccddd2c63">
    <Deployment runDeploymentRoot="BreezeSummer_BREEZEPRO_2026-10-08_23_20_02" />
  </TestSettings>
  <Results>
    <UnitTestResult executionId="1f99b20f-b53e-4988-ab1a-0141614be9de" testId="57fede72-5285-f75b-444a-e5ba195cc9fd" testName="Catan.Rules.Tests.AcceptanceTests.ReusingAnAcceptedCommandIdWithChangedPayloadRejects(index: 18, restore: False)" computerName="BREEZEPRO" duration="00:00:00.0637570" startTime="2026-10-08T23:20:02.4500243+08:00" endTime="2026-10-08T23:20:02.5137065+08:00" testType="13cdc9d9-ddb5-4fa4-a97d-d965ccfc6d4b" outcome="Passed" testListId="8c84fa94-04c1-424b-9868-57a2d4851a1d" relativeResultsDirectory="1f99b20f-b53e-4988-ab1a-0141614be9de" />
    <UnitTestResult executionId="53e165d9-2d32-44b6-919f-f61b3b42ffb4" testId="ac389aa6-5e6c-a130-df60-a51ffe61336a" testName="Catan.Rules.Tests.AcceptanceTests.FrozenIllegalCasesRejectWithoutAnyAuthoritativeChange(caseId: &quot;N03&quot;, at: 16)" computerName="BREEZEPRO" duration="00:00:00.0581703" startTime="2026-10-08T23:20:01.7807672+08:00" endTime="2026-10-08T23:20:01.8255402+08:00" testType="13cdc9d9-ddb5-4fa4-a97d-d965ccfc6d4b" outcome="Passed" testListId="8c84fa94-04c1-424b-9868-57a2d4851a1d" relativeResultsDirectory="53e165d9-2d32-44b6-919f-f61b3b42ffb4" />
    <UnitTestResult executionId="3225d25a-f502-4bdf-818d-8999199458e5" testId="2d57e562-c18a-9bf4-5d28-9953a3df3ef6" testName="Catan.Rules.Tests.BoundaryTests.UnknownSeatCannotAcquirePlayerView(playerId: &quot;&quot;)" computerName="BREEZEPRO" duration="00:00:00.0670005" startTime="2026-10-08T23:20:01.8926583+08:00" endTime="2026-10-08T23:20:01.9590026+08:00" testType="13cdc9d9-ddb5-4fa4-a97d-d965ccfc6d4b" outcome="Passed" testListId="8c84fa94-04c1-424b-9868-57a2d4851a1d" relativeResultsDirectory="3225d25a-f502-4bdf-818d-8999199458e5" />
    <UnitTestResult executionId="4f16f1f0-ada4-4217-ae89-316b8f4b375d" testId="c7b9226f-2998-dfa6-fd84-95e5e30f9578" testName="Catan.Rules.Tests.AcceptanceTests.RollDiceIntentCannotSupplyDiceOrRandomState" computerName="BREEZEPRO" duration="00:00:00.0005746" startTime="2026-10-08T23:20:02.3507085+08:00" endTime="2026-10-08T23:20:02.3511887+08:00" testType="13cdc9d9-ddb5-4fa4-a97d-d965ccfc6d4b" outcome="Passed" testListId="8c84fa94-04c1-424b-9868-57a2d4851a1d" relativeResultsDirectory="4f16f1f0-ada4-4217-ae89-316b8f4b375d" />
    <UnitTestResult executionId="ee564265-b636-4ab5-ac5e-70df78fc85ef" testId="feba20f1-54a0-47e4-a7a5-786df7688efc" testName="Catan.Rules.Tests.AcceptanceTests.ProductionTradeAndRoadRetriesReturnOriginalResultWithoutPublishingAgain(index: 18, restore: False)" computerName="BREEZEPRO" duration="00:00:00.0585636" startTime="2026-10-08T23:20:03.2384059+08:00" endTime="2026-10-08T23:20:03.2969090+08:00" testType="13cdc9d9-ddb5-4fa4-a97d-d965ccfc6d4b" outcome="Passed" testListId="8c84fa94-04c1-424b-9868-57a2d4851a1d" relativeResultsDirectory="ee564265-b636-4ab5-ac5e-70df78fc85ef" />
    <UnitTestResult executionId="f7abdef6-e7e1-4da2-b29c-e86d026a0040" testId="80e59acc-f1a6-7a03-9bfd-0ebdd4d8d74f" testName="Catan.Rules.Tests.AcceptanceTests.FrozenIllegalCasesRejectWithoutAnyAuthoritativeChange(caseId: &quot;N09&quot;, at: 17)" computerName="BREEZEPRO" duration="00:00:00.0807114" startTime="2026-10-08T23:20:02.0690522+08:00" endTime="2026-10-08T23:20:02.1497137+08:00" testType="13cdc9d9-ddb5-4fa4-a97d-d965ccfc6d4b" outcome="Passed" testListId="8c84fa94-04c1-424b-9868-57a2d4851a1d" relativeResultsDirectory="f7abdef6-e7e1-4da2-b29c-e86d026a0040" />
    <UnitTestResult executionId="a02f234c-b46c-49a9-8fe7-bad87fc394e1" testId="6ff3277d-9501-a254-3b4c-0ee823f12e9f" testName="Catan.Rules.Tests.AcceptanceTests.ReusingAnAcceptedCommandIdWithChangedPayloadRejects(index: 19, restore: True)" computerName="BREEZEPRO" duration="00:00:00.0973394" startTime="2026-10-08T23:20:02.5781295+08:00" endTime="2026-10-08T23:20:02.6754266+08:00" testType="13cdc9d9-ddb5-4fa4-a97d-d965ccfc6d4b" outcome="Passed" testListId="8c84fa94-04c1-424b-9868-57a2d4851a1d" relativeResultsDirectory="a02f234c-b46c-49a9-8fe7-bad87fc394e1" />
    <UnitTestResult executionId="945564d6-0a53-4dd9-9994-e7ca3ddb2d6d" testId="81db1d43-cf2c-9414-4032-76446aaf7fbd" testName="Catan.Rules.Tests.PersistenceTests.RequiredSavePointsRoundTripEveryAuthoritativeFieldAndContinueIdentically(at: 7)" computerName="BREEZEPRO" duration="00:00:00.1961083" startTime="2026-10-08T23:20:02.7092418+08:00" endTime="2026-10-08T23:20:02.9052927+08:00" testType="13cdc9d9-ddb5-4fa4-a97d-d965ccfc6d4b" outcome="Passed" testListId="8c84fa94-04c1-424b-9868-57a2d4851a1d" relativeResultsDirectory="945564d6-0a53-4dd9-9994-e7ca3ddb2d6d" />
    <UnitTestResult executionId="72371f12-7c57-4939-ab52-3f60d8283851" testId="22b9d493-a22b-d74c-31c3-19aeaaa0b6c8" testName="Catan.Rules.Tests.PersistenceTests.CorruptAuthoritativeSaveFieldsAreRejectedRatherThanSilentlyRepaired(corruption: &quot;pendingAnchor&quot;)" computerName="BREEZEPRO" duration="00:00:00.0399267" startTime="2026-10-08T23:20:02.3118349+08:00" endTime="2026-10-08T23:20:02.3516861+08:00" testType="13cdc9d9-ddb5-4fa4-a97d-d965ccfc6d4b" outcome="Passed" testListId="8c84fa94-04c1-424b-9868-57a2d4851a1d" relativeResultsDirectory="72371f12-7c57-4939-ab52-3f60d8283851" />
    <UnitTestResult executionId="d293716c-91c8-4ab1-9e26-df95d55f718f" testId="5fc161f5-8dab-10b0-d248-6deb41ec0d31" testName="Catan.Rules.Tests.AcceptanceTests.FrozenIllegalCasesRejectWithoutAnyAuthoritativeChange(caseId: &quot;N07&quot;, at: 18)" computerName="BREEZEPRO" duration="00:00:00.0872310" startTime="2026-10-08T23:20:02.2633499+08:00" endTime="2026-10-08T23:20:02.3505679+08:00" testType="13cdc9d9-ddb5-4fa4-a97d-d965ccfc6d4b" outcome="Passed" testListId="8c84fa94-04c1-424b-9868-57a2d4851a1d" relativeResultsDirectory="d293716c-91c8-4ab1-9e26-df95d55f718f" />
    <UnitTestResult executionId="956ce202-e1e0-4b10-8739-96717063e056" testId="61558faa-d54e-2820-448f-fc9586c063e1" testName="Catan.Rules.Tests.BoundaryTests.RuntimeTopologyPreservesAllFrozenIdsCoordinatesAndAdjacencies" computerName="BREEZEPRO" duration="00:00:00.0250777" startTime="2026-10-08T23:20:02.4669012+08:00" endTime="2026-10-08T23:20:02.4912353+08:00" testType="13cdc9d9-ddb5-4fa4-a97d-d965ccfc6d4b" outcome="Passed" testListId="8c84fa94-04c1-424b-9868-57a2d4851a1d" relativeResultsDirectory="956ce202-e1e0-4b10-8739-96717063e056" />
    <UnitTestResult executionId="a0d031d5-71a0-479d-ad0d-f7dd32268057" testId="1abb6048-c6ba-2768-3ebd-0fa59bff6c52" testName="Catan.Rules.Tests.PersistenceTests.SaveContainsVersionsFullRandomContinuationAndConfirmedRequestReceipts" computerName="BREEZEPRO" duration="00:00:00.0748616" startTime="2026-10-08T23:20:02.9054673+08:00" endTime="2026-10-08T23:20:02.9802686+08:00" testType="13cdc9d9-ddb5-4fa4-a97d-d965ccfc6d4b" outcome="Passed" testListId="8c84fa94-04c1-424b-9868-57a2d4851a1d" relativeResultsDirectory="a0d031d5-71a0-479d-ad0d-f7dd32268057" />
    <UnitTestResult executionId="c17d6a45-ca70-476b-a5a7-a7e8cdba7b58" testId="01c8efed-aed4-27ba-f869-768cc69891f9" testName="Catan.Rules.Tests.BoundaryTests.AcceptedCommandReceiptDoesNotAliasCallerOwnedCommand" computerName="BREEZEPRO" duration="00:00:00.0736829" startTime="2026-10-08T23:20:02.1464533+08:00" endTime="2026-10-08T23:20:02.2185358+08:00" testType="13cdc9d9-ddb5-4fa4-a97d-d965ccfc6d4b" outcome="Passed" testListId="8c84fa94-04c1-424b-9868-57a2d4851a1d" relativeResultsDirectory="c17d6a45-ca70-476b-a5a7-a7e8cdba7b58" />
    <UnitTestResult executionId="9026ab09-0140-4af4-ad80-1223f4d05ef5" testId="f19ee081-1ebe-3a7d-b459-8ddb34d5aabd" testName="Catan.Rules.Tests.AcceptanceTests.FullC01ToC21SequenceMatchesEveryFrozenLedger" computerName="BREEZEPRO" duration="00:00:00.3007650" startTime="2026-10-08T23:20:03.4874508+08:00" endTime="2026-10-08T23:20:03.7883778+08:00" testType="13cdc9d9-ddb5-4fa4-a97d-d965ccfc6d4b" outcome="Passed" testListId="8c84fa94-04c1-424b-9868-57a2d4851a1d" relativeResultsDirectory="9026ab09-0140-4af4-ad80-1223f4d05ef5" />
    <UnitTestResult executionId="7ef25c09-f24c-407e-b3ff-7f51f9c31b53" testId="383f7605-ef94-a8da-ec0f-9878a3dba954" testName="Catan.Rules.Tests.PersistenceTests.RequiredSavePointsRoundTripEveryAuthoritativeFieldAndContinueIdentically(at: 17)" computerName="BREEZEPRO" duration="00:00:00.1674377" startTime="2026-10-08T23:20:02.5416536+08:00" endTime="2026-10-08T23:20:02.7091003+08:00" testType="13cdc9d9-ddb5-4fa4-a97d-d965ccfc6d4b" outcome="Passed" testListId="8c84fa94-04c1-424b-9868-57a2d4851a1d" relativeResultsDirectory="7ef25c09-f24c-407e-b3ff-7f51f9c31b53" />
    <UnitTestResult executionId="f2b34ca1-89b5-4e67-bb9b-ff319a6716d1" testId="2e00ec61-c4d6-b80e-14a6-ecd70804afc9" testName="Catan.Rules.Tests.AcceptanceTests.FrozenIllegalCasesRejectWithoutAnyAuthoritativeChange(caseId: &quot;N04&quot;, at: 17)" computerName="BREEZEPRO" duration="00:00:00.0831938" startTime="2026-10-08T23:20:01.9109191+08:00" endTime="2026-10-08T23:20:01.9940654+08:00" testType="13cdc9d9-ddb5-4fa4-a97d-d965ccfc6d4b" outcome="Passed" testListId="8c84fa94-04c1-424b-9868-57a2d4851a1d" relativeResultsDirectory="f2b34ca1-89b5-4e67-bb9b-ff319a6716d1" />
    <UnitTestResult executionId="2e902c8a-8e91-4364-80f3-029d8d940ad8" testId="35c84f01-cd83-c339-19e5-152b323f1684" testName="Catan.Rules.Tests.AcceptanceTests.ControlledDiceQueueStopsRatherThanCyclingOrFabricatingAnotherRoll" computerName="BREEZEPRO" duration="00:00:00.0986081" startTime="2026-10-08T23:20:02.3512893+08:00" endTime="2026-10-08T23:20:02.4498892+08:00" testType="13cdc9d9-ddb5-4fa4-a97d-d965ccfc6d4b" outcome="Passed" testListId="8c84fa94-04c1-424b-9868-57a2d4851a1d" relativeResultsDirectory="2e902c8a-8e91-4364-80f3-029d8d940ad8" />
    <UnitTestResult executionId="a4387e18-813a-451d-b718-02b3de8f76c5" testId="08f6159c-7b1b-652b-c194-b14d36fe0cd9" testName="Catan.Rules.Tests.PersistenceTests.CorruptAuthoritativeSaveFieldsAreRejectedRatherThanSilentlyRepaired(corruption: &quot;randomCursor&quot;)" computerName="BREEZEPRO" duration="00:00:00.0329754" startTime="2026-10-08T23:20:02.2787945+08:00" endTime="2026-10-08T23:20:02.3117191+08:00" testType="13cdc9d9-ddb5-4fa4-a97d-d965ccfc6d4b" outcome="Passed" testListId="8c84fa94-04c1-424b-9868-57a2d4851a1d" relativeResultsDirectory="a4387e18-813a-451d-b718-02b3de8f76c5" />
    <UnitTestResult executionId="14a28cfe-44a7-46af-8c7f-60678540e4c3" testId="e1676287-dec0-a3d4-c2f2-124e59dc6cd8" testName="Catan.Rules.Tests.AcceptanceTests.ProductionTradeAndRoadRetriesReturnOriginalResultWithoutPublishingAgain(index: 17, restore: True)" computerName="BREEZEPRO" duration="00:00:00.0758950" startTime="2026-10-08T23:20:02.9926674+08:00" endTime="2026-10-08T23:20:03.0685710+08:00" testType="13cdc9d9-ddb5-4fa4-a97d-d965ccfc6d4b" outcome="Passed" testListId="8c84fa94-04c1-424b-9868-57a2d4851a1d" relativeResultsDirectory="14a28cfe-44a7-46af-8c7f-60678540e4c3" />
    <UnitTestResult executionId="b40fa813-c60d-4aad-b04f-311fa76c4c95" testId="178f04e9-be4c-c7f0-38d6-7f193a8d2d29" testName="Catan.Rules.Tests.AcceptanceTests.CoreTargetsUnityCompatibleFrameworkWithoutUnityDependencies" computerName="BREEZEPRO" duration="00:00:00.0005619" startTime="2026-10-08T23:20:03.7891550+08:00" endTime="2026-10-08T23:20:03.7891967+08:00" testType="13cdc9d9-ddb5-4fa4-a97d-d965ccfc6d4b" outcome="Passed" testListId="8c84fa94-04c1-424b-9868-57a2d4851a1d" relativeResultsDirectory="b40fa813-c60d-4aad-b04f-311fa76c4c95" />
    <UnitTestResult executionId="f76c2118-0d74-4d48-8716-e6e3e3b0b0c2" testId="f9a4113b-0e0c-5747-19aa-763cb71291b3" testName="Catan.Rules.Tests.PersistenceTests.CorruptAuthoritativeSaveFieldsAreRejectedRatherThanSilentlyRepaired(corruption: &quot;eventSequence&quot;)" computerName="BREEZEPRO" duration="00:00:00.0225286" startTime="2026-10-08T23:20:02.3517639+08:00" endTime="2026-10-08T23:20:02.3742906+08:00" testType="13cdc9d9-ddb5-4fa4-a97d-d965ccfc6d4b" outcome="Passed" testListId="8c84fa94-04c1-424b-9868-57a2d4851a1d" relativeResultsDirectory="f76c2118-0d74-4d48-8716-e6e3e3b0b0c2" />
    <UnitTestResult executionId="39cb52a8-b06a-42e6-9ea2-c026003641a1" testId="d0dfce14-c4c7-e5ce-3709-3ae69f12399d" testName="Catan.Rules.Tests.BoundaryTests.EverySeatsProjectionContainsOnlyOwnTypedHandAndPublicOpponentCounts(through: 18, checkpoint: &quot;afterTrade&quot;)" computerName="BREEZEPRO" duration="00:00:00.1352715" startTime="2026-10-08T23:20:02.2200749+08:00" endTime="2026-10-08T23:20:02.3538597+08:00" testType="13cdc9d9-ddb5-4fa4-a97d-d965ccfc6d4b" outcome="Passed" testListId="8c84fa94-04c1-424b-9868-57a2d4851a1d" relativeResultsDirectory="39cb52a8-b06a-42e6-9ea2-c026003641a1" />
    <UnitTestResult executionId="edbca930-ff62-484c-a095-f375fe12d9e2" testId="8ad8762c-4d14-1ace-d1dc-5c9e333c62ea" testName="Catan.Rules.Tests.PersistenceTests.RequiredSavePointsRoundTripEveryAuthoritativeFieldAndContinueIdentically(at: 20)" computerName="BREEZEPRO" duration="00:00:00.1671613" startTime="2026-10-08T23:20:02.3744261+08:00" endTime="2026-10-08T23:20:02.5415450+08:00" testType="13cdc9d9-ddb5-4fa4-a97d-d965ccfc6d4b" outcome="Passed" testListId="8c84fa94-04c1-424b-9868-57a2d4851a1d" relativeResultsDirectory="edbca930-ff62-484c-a095-f375fe12d9e2" />
    <UnitTestResult executionId="9102166d-bcd2-4c48-8ce5-bfeecd19b6e0" testId="b8ca73d1-3e06-51e6-ba1b-c81882e5b497" testName="Catan.Rules.Tests.PersistenceTests.UnknownSaveRulesAndScenarioVersionsAreExplicitlyRejected(key: &quot;scenarioVersion&quot;, replacement: &quot;\&quot;999.0.0\&quot;&quot;)" computerName="BREEZEPRO" duration="00:00:00.0657036" startTime="2026-10-08T23:20:02.0499934+08:00" endTime="2026-10-08T23:20:02.1156244+08:00" testType="13cdc9d9-ddb5-4fa4-a97d-d965ccfc6d4b" outcome="Passed" testListId="8c84fa94-04c1-424b-9868-57a2d4851a1d" relativeResultsDirectory="9102166d-bcd2-4c48-8ce5-bfeecd19b6e0" />
    <UnitTestResult executionId="a993b4b8-769f-49f9-a127-1b3abaa6e80f" testId="0208b6a2-542c-8fad-5ef5-088c1f326f9a" testName="Catan.Rules.Tests.AcceptanceTests.PreviewAndCancelledGestureDoNotCommitRulesOrConsumeCommandIds(index: 7)" computerName="BREEZEPRO" duration="00:00:00.0292416" startTime="2026-10-08T23:20:03.3602550+08:00" endTime="2026-10-08T23:20:03.3895014+08:00" testType="13cdc9d9-ddb5-4fa4-a97d-d965ccfc6d4b" outcome="Passed" testListId="8c84fa94-04c1-424b-9868-57a2d4851a1d" relativeResultsDirectory="a993b4b8-769f-49f9-a127-1b3abaa6e80f" />
    <UnitTestResult executionId="0a75d854-1f8a-4706-9909-3594c34edda2" testId="0262d531-b749-5878-cad9-a1ca8db52b9f" testName="Catan.Rules.Tests.BoundaryTests.EverySeatsProjectionContainsOnlyOwnTypedHandAndPublicOpponentCounts(through: 17, checkpoint: &quot;afterRoll&quot;)" computerName="BREEZEPRO" duration="00:00:00.1105227" startTime="2026-10-08T23:20:02.3544438+08:00" endTime="2026-10-08T23:20:02.4664307+08:00" testType="13cdc9d9-ddb5-4fa4-a97d-d965ccfc6d4b" outcome="Passed" testListId="8c84fa94-04c1-424b-9868-57a2d4851a1d" relativeResultsDirectory="0a75d854-1f8a-4706-9909-3594c34edda2" />
    <UnitTestResult executionId="1571988f-a14c-4a53-9206-e2d0a3780cdc" testId="3b739e0a-cc8c-2a5d-0975-a5b2bf802644" testName="Catan.Rules.Tests.PersistenceTests.CorruptAuthoritativeSaveFieldsAreRejectedRatherThanSilentlyRepaired(corruption: &quot;pieces&quot;)" computerName="BREEZEPRO" duration="00:00:00.0235834" startTime="2026-10-08T23:20:02.1906601+08:00" endTime="2026-10-08T23:20:02.2141860+08:00" testType="13cdc9d9-ddb5-4fa4-a97d-d965ccfc6d4b" outcome="Passed" testListId="8c84fa94-04c1-424b-9868-57a2d4851a1d" relativeResultsDirectory="1571988f-a14c-4a53-9206-e2d0a3780cdc" />
    <UnitTestResult executionId="4b409ac8-0738-4aa1-affb-e1ddcaca6554" testId="cb1a5747-bf17-a3b5-27fa-f32d5b6411f4" testName="Catan.Rules.Tests.PersistenceTests.C20SaveSurvivesProcessExitAndNewProcessC21PreservesNextDice" computerName="BREEZEPRO" duration="00:00:01.0549113" startTime="2026-10-08T23:20:03.0192093+08:00" endTime="2026-10-08T23:20:04.0733967+08:00" testType="13cdc9d9-ddb5-4fa4-a97d-d965ccfc6d4b" outcome="Passed" testListId="8c84fa94-04c1-424b-9868-57a2d4851a1d" relativeResultsDirectory="4b409ac8-0738-4aa1-affb-e1ddcaca6554" />
    <UnitTestResult executionId="970947e7-74c3-43c1-a748-e3f948625837" testId="0dec4439-ed3d-12aa-1fa0-c94506791d11" testName="Catan.Rules.Tests.BoundaryTests.ViewsSnapshotsAndResultReceiptsCannotMutateTheAuthorityByAliasing" computerName="BREEZEPRO" duration="00:00:00.2964683" startTime="2026-10-08T23:20:01.5908816+08:00" endTime="2026-10-08T23:20:01.8916583+08:00" testType="13cdc9d9-ddb5-4fa4-a97d-d965ccfc6d4b" outcome="Passed" testListId="8c84fa94-04c1-424b-9868-57a2d4851a1d" relativeResultsDirectory="970947e7-74c3-43c1-a748-e3f948625837" />
    <UnitTestResult executionId="e01bd62f-8fe7-4b00-9504-f0376a536a83" testId="d8f24420-8634-feaf-202a-59da76b842d4" testName="Catan.Rules.Tests.AcceptanceTests.FrozenIllegalCasesRejectWithoutAnyAuthoritativeChange(caseId: &quot;N01&quot;, at: 2)" computerName="BREEZEPRO" duration="00:00:00.1692350" startTime="2026-10-08T23:20:01.5918286+08:00" endTime="2026-10-08T23:20:01.7672650+08:00" testType="13cdc9d9-ddb5-4fa4-a97d-d965ccfc6d4b" outcome="Passed" testListId="8c84fa94-04c1-424b-9868-57a2d4851a1d" relativeResultsDirectory="e01bd62f-8fe7-4b00-9504-f0376a536a83" />
    <UnitTestResult executionId="92097d69-53fc-4675-b4a4-3959fa0013da" testId="5aa44ad1-fd42-dac8-47fc-496b78e9ba39" testName="Catan.Rules.Tests.AcceptanceTests.ReusingAnAcceptedCommandIdWithChangedPayloadRejects(index: 18, restore: True)" computerName="BREEZEPRO" duration="00:00:00.0875501" startTime="2026-10-08T23:20:02.7640561+08:00" endTime="2026-10-08T23:20:02.8505506+08:00" testType="13cdc9d9-ddb5-4fa4-a97d-d965ccfc6d4b" outcome="Passed" testListId="8c84fa94-04c1-424b-9868-57a2d4851a1d" relativeResultsDirectory="92097d69-53fc-4675-b4a4-3959fa0013da" />
    <UnitTestResult executionId="5914f640-4e94-4b39-819d-00b1ed9d8a47" testId="67eac807-16eb-cfb7-6518-e166b93bd03d" testName="Catan.Rules.Tests.AcceptanceTests.ProductionTradeAndRoadRetriesReturnOriginalResultWithoutPublishingAgain(index: 18, restore: True)" computerName="BREEZEPRO" duration="00:00:00.0844560" startTime="2026-10-08T23:20:03.1538529+08:00" endTime="2026-10-08T23:20:03.2382731+08:00" testType="13cdc9d9-ddb5-4fa4-a97d-d965ccfc6d4b" outcome="Passed" testListId="8c84fa94-04c1-424b-9868-57a2d4851a1d" relativeResultsDirectory="5914f640-4e94-4b39-819d-00b1ed9d8a47" />
    <UnitTestResult executionId="d45777ed-e089-4f51-ab52-4e9fb1c51968" testId="7c69c05d-de6a-b449-9151-374aeb1f0edc" testName="Catan.Rules.Tests.AcceptanceTests.ReusingAnAcceptedCommandIdWithChangedPayloadRejects(index: 19, restore: False)" computerName="BREEZEPRO" duration="00:00:00.0621022" startTime="2026-10-08T23:20:02.8507084+08:00" endTime="2026-10-08T23:20:02.9126910+08:00" testType="13cdc9d9-ddb5-4fa4-a97d-d965ccfc6d4b" outcome="Passed" testListId="8c84fa94-04c1-424b-9868-57a2d4851a1d" relativeResultsDirectory="d45777ed-e089-4f51-ab52-4e9fb1c51968" />
    <UnitTestResult executionId="cdcd0c28-a1e1-4e5a-978d-c3b7dc0bc2f0" testId="98d96431-d2ab-0238-6cd4-6e939d566a1b" testName="Catan.Rules.Tests.AcceptanceTests.PreviewAndCancelledGestureDoNotCommitRulesOrConsumeCommandIds(index: 18)" computerName="BREEZEPRO" duration="00:00:00.0975973" startTime="2026-10-08T23:20:03.3896595+08:00" endTime="2026-10-08T23:20:03.4872098+08:00" testType="13cdc9d9-ddb5-4fa4-a97d-d965ccfc6d4b" outcome="Passed" testListId="8c84fa94-04c1-424b-9868-57a2d4851a1d" relativeResultsDirectory="cdcd0c28-a1e1-4e5a-978d-c3b7dc0bc2f0" />
    <UnitTestResult executionId="226eda63-5d53-49a9-9eb1-1d6263a561c2" testId="d14ec586-06b8-8dc0-da60-a9a8ed297980" testName="Catan.Rules.Tests.PersistenceTests.CorruptAuthoritativeSaveFieldsAreRejectedRatherThanSilentlyRepaired(corruption: &quot;hand&quot;)" computerName="BREEZEPRO" duration="00:00:00.0240871" startTime="2026-10-08T23:20:02.2551671+08:00" endTime="2026-10-08T23:20:02.2786768+08:00" testType="13cdc9d9-ddb5-4fa4-a97d-d965ccfc6d4b" outcome="Passed" testListId="8c84fa94-04c1-424b-9868-57a2d4851a1d" relativeResultsDirectory="226eda63-5d53-49a9-9eb1-1d6263a561c2" />
    <UnitTestResult executionId="1f979cfb-c189-449a-bd37-57980855755d" testId="d7cb2f8c-a2c0-5ad1-0b2f-1f02bb9091c4" testName="Catan.Rules.Tests.BoundaryTests.PublicEventSchemaContainsOnlyConfirmedObservableFacts" computerName="BREEZEPRO" duration="00:00:00.1257628" startTime="2026-10-08T23:20:02.0191238+08:00" endTime="2026-10-08T23:20:02.1448024+08:00" testType="13cdc9d9-ddb5-4fa4-a97d-d965ccfc6d4b" outcome="Passed" testListId="8c84fa94-04c1-424b-9868-57a2d4851a1d" relativeResultsDirectory="1f979cfb-c189-449a-bd37-57980855755d" />
    <UnitTestResult executionId="8590a804-d977-41dd-9f66-eeca7eb1fb5d" testId="dcae4c5c-3beb-db45-b719-bcdcc12dbac0" testName="Catan.Rules.Tests.PersistenceTests.UnknownSaveRulesAndScenarioVersionsAreExplicitlyRejected(key: &quot;rulesBaselineId&quot;, replacement: &quot;\&quot;unknown-baseline\&quot;&quot;)" computerName="BREEZEPRO" duration="00:00:00.0780644" startTime="2026-10-08T23:20:01.8298983+08:00" endTime="2026-10-08T23:20:01.9079412+08:00" testType="13cdc9d9-ddb5-4fa4-a97d-d965ccfc6d4b" outcome="Passed" testListId="8c84fa94-04c1-424b-9868-57a2d4851a1d" relativeResultsDirectory="8590a804-d977-41dd-9f66-eeca7eb1fb5d" />
    <UnitTestResult executionId="cdd816b3-590c-4e92-a444-3e2467314454" testId="45a8765b-5dc8-d7d6-5f9b-13c82dbe1d5d" testName="Catan.Rules.Tests.AcceptanceTests.FrozenIllegalCasesRejectWithoutAnyAuthoritativeChange(caseId: &quot;N08&quot;, at: 19)" computerName="BREEZEPRO" duration="00:00:00.0748021" startTime="2026-10-08T23:20:01.9941638+08:00" endTime="2026-10-08T23:20:02.0689398+08:00" testType="13cdc9d9-ddb5-4fa4-a97d-d965ccfc6d4b" outcome="Passed" testListId="8c84fa94-04c1-424b-9868-57a2d4851a1d" relativeResultsDirectory="cdd816b3-590c-4e92-a444-3e2467314454" />
    <UnitTestResult executionId="02f4971d-4b95-4123-8be5-781adaede461" testId="9bfc7746-8e1a-dc26-40c0-bdc6b0d97cb8" testName="Catan.Rules.Tests.AcceptanceTests.ProductionTradeAndRoadRetriesReturnOriginalResultWithoutPublishingAgain(index: 19, restore: True)" computerName="BREEZEPRO" duration="00:00:00.0850540" startTime="2026-10-08T23:20:03.0687124+08:00" endTime="2026-10-08T23:20:03.1537147+08:00" testType="13cdc9d9-ddb5-4fa4-a97d-d965ccfc6d4b" outcome="Passed" testListId="8c84fa94-04c1-424b-9868-57a2d4851a1d" relativeResultsDirectory="02f4971d-4b95-4123-8be5-781adaede461" />
    <UnitTestResult executionId="913f8149-7f4b-4a3e-83f5-218d7d6a2e93" testId="884c9750-4ec2-ef6d-8923-936581e6bbaa" testName="Catan.Rules.Tests.PersistenceTests.UnknownSaveRulesAndScenarioVersionsAreExplicitlyRejected(key: &quot;scenarioContentHash&quot;, replacement: &quot;\&quot;bad-content-hash\&quot;&quot;)" computerName="BREEZEPRO" duration="00:00:00.2346433" startTime="2026-10-08T23:20:01.5918553+08:00" endTime="2026-10-08T23:20:01.8298106+08:00" testType="13cdc9d9-ddb5-4fa4-a97d-d965ccfc6d4b" outcome="Passed" testListId="8c84fa94-04c1-424b-9868-57a2d4851a1d" relativeResultsDirectory="913f8149-7f4b-4a3e-83f5-218d7d6a2e93" />
    <UnitTestResult executionId="fa7be04f-5b71-408c-9037-b630c39f8aa6" testId="7cc993e8-c1fa-83f7-855f-985fa827782e" testName="Catan.Rules.Tests.PersistenceTests.UnknownSaveRulesAndScenarioVersionsAreExplicitlyRejected(key: &quot;scenarioId&quot;, replacement: &quot;\&quot;unknown-scenario\&quot;&quot;)" computerName="BREEZEPRO" duration="00:00:00.0814015" startTime="2026-10-08T23:20:01.9080993+08:00" endTime="2026-10-08T23:20:01.9895879+08:00" testType="13cdc9d9-ddb5-4fa4-a97d-d965ccfc6d4b" outcome="Passed" testListId="8c84fa94-04c1-424b-9868-57a2d4851a1d" relativeResultsDirectory="fa7be04f-5b71-408c-9037-b630c39f8aa6" />
    <UnitTestResult executionId="90329aaf-d312-4d64-871f-a19b11b31fe0" testId="6a09e67c-32fe-7bc4-2583-f9a36fc1585b" testName="Catan.Rules.Tests.PersistenceTests.CorruptAuthoritativeSaveFieldsAreRejectedRatherThanSilentlyRepaired(corruption: &quot;dedupFingerprint&quot;)" computerName="BREEZEPRO" duration="00:00:00.0402409" startTime="2026-10-08T23:20:02.2142887+08:00" endTime="2026-10-08T23:20:02.2545025+08:00" testType="13cdc9d9-ddb5-4fa4-a97d-d965ccfc6d4b" outcome="Passed" testListId="8c84fa94-04c1-424b-9868-57a2d4851a1d" relativeResultsDirectory="90329aaf-d312-4d64-871f-a19b11b31fe0" />
    <UnitTestResult executionId="b215fbf8-8b52-4e25-8b83-7df96299c736" testId="ad5ad599-a98e-75b8-4c4c-6809dc91baf4" testName="Catan.Rules.Tests.PersistenceTests.PendingSaveRestoresAnchorSeatAndPlacementBeforePermittingC08" computerName="BREEZEPRO" duration="00:00:00.0379439" startTime="2026-10-08T23:20:02.9804470+08:00" endTime="2026-10-08T23:20:03.0183205+08:00" testType="13cdc9d9-ddb5-4fa4-a97d-d965ccfc6d4b" outcome="Passed" testListId="8c84fa94-04c1-424b-9868-57a2d4851a1d" relativeResultsDirectory="b215fbf8-8b52-4e25-8b83-7df96299c736" />
    <UnitTestResult executionId="b93f1e0d-086f-45eb-a0f3-a5b3ec4cd33a" testId="cc146fce-a625-e890-af74-c4f8dc2912ea" testName="Catan.Rules.Tests.AcceptanceTests.FrozenIllegalCasesRejectWithoutAnyAuthoritativeChange(caseId: &quot;N02&quot;, at: 7)" computerName="BREEZEPRO" duration="00:00:00.0310082" startTime="2026-10-08T23:20:02.1498190+08:00" endTime="2026-10-08T23:20:02.1808112+08:00" testType="13cdc9d9-ddb5-4fa4-a97d-d965ccfc6d4b" outcome="Passed" testListId="8c84fa94-04c1-424b-9868-57a2d4851a1d" relativeResultsDirectory="b93f1e0d-086f-45eb-a0f3-a5b3ec4cd33a" />
    <UnitTestResult executionId="8906142a-ace3-492e-bd20-1aee3f035374" testId="758a28f8-753d-bb1b-0d44-0c689884ca34" testName="Catan.Rules.Tests.AcceptanceTests.ReusingAnAcceptedCommandIdWithChangedPayloadRejects(index: 17, restore: False)" computerName="BREEZEPRO" duration="00:00:00.0641986" startTime="2026-10-08T23:20:02.5138172+08:00" endTime="2026-10-08T23:20:02.5780164+08:00" testType="13cdc9d9-ddb5-4fa4-a97d-d965ccfc6d4b" outcome="Passed" testListId="8c84fa94-04c1-424b-9868-57a2d4851a1d" relativeResultsDirectory="8906142a-ace3-492e-bd20-1aee3f035374" />
    <UnitTestResult executionId="e38c114b-13a6-415f-9f3b-905ccae804fb" testId="21cc3a41-9e1b-0387-2f7f-685888d86c9d" testName="Catan.Rules.Tests.BoundaryTests.UnknownSeatCannotAcquirePlayerView(playerId: &quot;P0&quot;)" computerName="BREEZEPRO" duration="00:00:00.0598827" startTime="2026-10-08T23:20:01.9872737+08:00" endTime="2026-10-08T23:20:02.0189481+08:00" testType="13cdc9d9-ddb5-4fa4-a97d-d965ccfc6d4b" outcome="Passed" testListId="8c84fa94-04c1-424b-9868-57a2d4851a1d" relativeResultsDirectory="e38c114b-13a6-415f-9f3b-905ccae804fb" />
    <UnitTestResult executionId="de1ea21f-b001-402c-aabb-2e16ce7626c4" testId="913112ee-1d77-2079-f4b1-81715373ff73" testName="Catan.Rules.Tests.PersistenceTests.UnknownSaveRulesAndScenarioVersionsAreExplicitlyRejected(key: &quot;saveFormatVersion&quot;, replacement: &quot;99&quot;)" computerName="BREEZEPRO" duration="00:00:00.0598175" startTime="2026-10-08T23:20:01.9899091+08:00" endTime="2026-10-08T23:20:02.0498529+08:00" testType="13cdc9d9-ddb5-4fa4-a97d-d965ccfc6d4b" outcome="Passed" testListId="8c84fa94-04c1-424b-9868-57a2d4851a1d" relativeResultsDirectory="de1ea21f-b001-402c-aabb-2e16ce7626c4" />
    <UnitTestResult executionId="288f3e4e-caf4-4060-bed9-e0a605aa5290" testId="9e32f15d-b5c3-3b70-1c0f-47ca1037b3ff" testName="Catan.Rules.Tests.AcceptanceTests.FrozenIllegalCasesRejectWithoutAnyAuthoritativeChange(caseId: &quot;N05&quot;, at: 17)" computerName="BREEZEPRO" duration="00:00:00.0570471" startTime="2026-10-08T23:20:02.1809156+08:00" endTime="2026-10-08T23:20:02.2379169+08:00" testType="13cdc9d9-ddb5-4fa4-a97d-d965ccfc6d4b" outcome="Passed" testListId="8c84fa94-04c1-424b-9868-57a2d4851a1d" relativeResultsDirectory="288f3e4e-caf4-4060-bed9-e0a605aa5290" />
    <UnitTestResult executionId="e9b6e6ac-cc4b-4936-93c7-295c5092ceac" testId="588a1cbd-9d8b-c3a1-f733-352e4548892c" testName="Catan.Rules.Tests.AcceptanceTests.FrozenIllegalCasesRejectWithoutAnyAuthoritativeChange(caseId: &quot;N10&quot;, at: 7)" computerName="BREEZEPRO" duration="00:00:00.0252551" startTime="2026-10-08T23:20:02.2380299+08:00" endTime="2026-10-08T23:20:02.2632396+08:00" testType="13cdc9d9-ddb5-4fa4-a97d-d965ccfc6d4b" outcome="Passed" testListId="8c84fa94-04c1-424b-9868-57a2d4851a1d" relativeResultsDirectory="e9b6e6ac-cc4b-4936-93c7-295c5092ceac" />
    <UnitTestResult executionId="d334d246-3534-46f6-9260-6052aa58fe99" testId="f4c75f81-9794-21c9-8d0e-cc81a1bfde58" testName="Catan.Rules.Tests.AcceptanceTests.ProductionTradeAndRoadRetriesReturnOriginalResultWithoutPublishingAgain(index: 19, restore: False)" computerName="BREEZEPRO" duration="00:00:00.0797424" startTime="2026-10-08T23:20:02.9128074+08:00" endTime="2026-10-08T23:20:02.9925392+08:00" testType="13cdc9d9-ddb5-4fa4-a97d-d965ccfc6d4b" outcome="Passed" testListId="8c84fa94-04c1-424b-9868-57a2d4851a1d" relativeResultsDirectory="d334d246-3534-46f6-9260-6052aa58fe99" />
    <UnitTestResult executionId="b54428f9-939f-481e-9409-b9261d9ecd89" testId="164823b0-6940-39c4-061b-9d3dc4e75e6d" testName="Catan.Rules.Tests.AcceptanceTests.PreviewAndCancelledGestureDoNotCommitRulesOrConsumeCommandIds(index: 0)" computerName="BREEZEPRO" duration="00:00:00.0070034" startTime="2026-10-08T23:20:03.3532579+08:00" endTime="2026-10-08T23:20:03.3601509+08:00" testType="13cdc9d9-ddb5-4fa4-a97d-d965ccfc6d4b" outcome="Passed" testListId="8c84fa94-04c1-424b-9868-57a2d4851a1d" relativeResultsDirectory="b54428f9-939f-481e-9409-b9261d9ecd89" />
    <UnitTestResult executionId="bb537372-56b1-41fe-8525-9188b27cb026" testId="8b687e40-6fb3-f381-ddcc-b7a230392817" testName="Catan.Rules.Tests.AcceptanceTests.ReusingAnAcceptedCommandIdWithChangedPayloadRejects(index: 17, restore: True)" computerName="BREEZEPRO" duration="00:00:00.0873944" startTime="2026-10-08T23:20:02.6760912+08:00" endTime="2026-10-08T23:20:02.7628954+08:00" testType="13cdc9d9-ddb5-4fa4-a97d-d965ccfc6d4b" outcome="Passed" testListId="8c84fa94-04c1-424b-9868-57a2d4851a1d" relativeResultsDirectory="bb537372-56b1-41fe-8525-9188b27cb026" />
    <UnitTestResult executionId="829274ea-0d95-4b88-aab2-7cc366c7a6ba" testId="f38c977c-43d4-ea7d-9777-c72e1a77d21f" testName="Catan.Rules.Tests.AcceptanceTests.FrozenIllegalCasesRejectWithoutAnyAuthoritativeChange(caseId: &quot;N06&quot;, at: 18)" computerName="BREEZEPRO" duration="00:00:00.0852842" startTime="2026-10-08T23:20:01.8261331+08:00" endTime="2026-10-08T23:20:01.9108237+08:00" testType="13cdc9d9-ddb5-4fa4-a97d-d965ccfc6d4b" outcome="Passed" testListId="8c84fa94-04c1-424b-9868-57a2d4851a1d" relativeResultsDirectory="829274ea-0d95-4b88-aab2-7cc366c7a6ba" />
    <UnitTestResult executionId="ca438607-c7ce-4589-b513-0312aba87069" testId="a3cd87a0-3a0c-a977-bc98-13bfba87bdb9" testName="Catan.Rules.Tests.PersistenceTests.UnknownSaveRulesAndScenarioVersionsAreExplicitlyRejected(key: &quot;rulesVersion&quot;, replacement: &quot;\&quot;unknown-rules\&quot;&quot;)" computerName="BREEZEPRO" duration="00:00:00.0746835" startTime="2026-10-08T23:20:02.1157909+08:00" endTime="2026-10-08T23:20:02.1905078+08:00" testType="13cdc9d9-ddb5-4fa4-a97d-d965ccfc6d4b" outcome="Passed" testListId="8c84fa94-04c1-424b-9868-57a2d4851a1d" relativeResultsDirectory="ca438607-c7ce-4589-b513-0312aba87069" />
    <UnitTestResult executionId="86239027-cbe5-4350-ad92-9b92804049e5" testId="d07a37ce-a134-d471-f270-d156d66d4805" testName="Catan.Rules.Tests.AcceptanceTests.ProductionTradeAndRoadRetriesReturnOriginalResultWithoutPublishingAgain(index: 17, restore: False)" computerName="BREEZEPRO" duration="00:00:00.0560864" startTime="2026-10-08T23:20:03.2970679+08:00" endTime="2026-10-08T23:20:03.3531025+08:00" testType="13cdc9d9-ddb5-4fa4-a97d-d965ccfc6d4b" outcome="Passed" testListId="8c84fa94-04c1-424b-9868-57a2d4851a1d" relativeResultsDirectory="86239027-cbe5-4350-ad92-9b92804049e5" />
  </Results>
  <TestDefinitions>
    <UnitTest name="Catan.Rules.Tests.AcceptanceTests.FrozenIllegalCasesRejectWithoutAnyAuthoritativeChange(caseId: &quot;N03&quot;, at: 16)" storage="d:\project\the-settlers-of-catan\tests\catan.rules.tests\bin\release\net10.0\catan.rules.tests.dll" id="ac389aa6-5e6c-a130-df60-a51ffe61336a">
      <Execution id="53e165d9-2d32-44b6-919f-f61b3b42ffb4" />
      <TestMethod codeBase="D:\Project\the-settlers-of-catan\tests\Catan.Rules.Tests\bin\Release\net10.0\Catan.Rules.Tests.dll" adapterTypeName="executor://xunit/VsTestRunner3/netcore/" className="Catan.Rules.Tests.AcceptanceTests" name="FrozenIllegalCasesRejectWithoutAnyAuthoritativeChange" />
    </UnitTest>
    <UnitTest name="Catan.Rules.Tests.PersistenceTests.RequiredSavePointsRoundTripEveryAuthoritativeFieldAndContinueIdentically(at: 20)" storage="d:\project\the-settlers-of-catan\tests\catan.rules.tests\bin\release\net10.0\catan.rules.tests.dll" id="8ad8762c-4d14-1ace-d1dc-5c9e333c62ea">
      <Execution id="edbca930-ff62-484c-a095-f375fe12d9e2" />
      <TestMethod codeBase="D:\Project\the-settlers-of-catan\tests\Catan.Rules.Tests\bin\Release\net10.0\Catan.Rules.Tests.dll" adapterTypeName="executor://xunit/VsTestRunner3/netcore/" className="Catan.Rules.Tests.PersistenceTests" name="RequiredSavePointsRoundTripEveryAuthoritativeFieldAndContinueIdentically" />
    </UnitTest>
    <UnitTest name="Catan.Rules.Tests.AcceptanceTests.FrozenIllegalCasesRejectWithoutAnyAuthoritativeChange(caseId: &quot;N09&quot;, at: 17)" storage="d:\project\the-settlers-of-catan\tests\catan.rules.tests\bin\release\net10.0\catan.rules.tests.dll" id="80e59acc-f1a6-7a03-9bfd-0ebdd4d8d74f">
      <Execution id="f7abdef6-e7e1-4da2-b29c-e86d026a0040" />
      <TestMethod codeBase="D:\Project\the-settlers-of-catan\tests\Catan.Rules.Tests\bin\Release\net10.0\Catan.Rules.Tests.dll" adapterTypeName="executor://xunit/VsTestRunner3/netcore/" className="Catan.Rules.Tests.AcceptanceTests" name="FrozenIllegalCasesRejectWithoutAnyAuthoritativeChange" />
    </UnitTest>
    <UnitTest name="Catan.Rules.Tests.PersistenceTests.CorruptAuthoritativeSaveFieldsAreRejectedRatherThanSilentlyRepaired(corruption: &quot;eventSequence&quot;)" storage="d:\project\the-settlers-of-catan\tests\catan.rules.tests\bin\release\net10.0\catan.rules.tests.dll" id="f9a4113b-0e0c-5747-19aa-763cb71291b3">
      <Execution id="f76c2118-0d74-4d48-8716-e6e3e3b0b0c2" />
      <TestMethod codeBase="D:\Project\the-settlers-of-catan\tests\Catan.Rules.Tests\bin\Release\net10.0\Catan.Rules.Tests.dll" adapterTypeName="executor://xunit/VsTestRunner3/netcore/" className="Catan.Rules.Tests.PersistenceTests" name="CorruptAuthoritativeSaveFieldsAreRejectedRatherThanSilentlyRepaired" />
    </UnitTest>
    <UnitTest name="Catan.Rules.Tests.BoundaryTests.UnknownSeatCannotAcquirePlayerView(playerId: &quot;&quot;)" storage="d:\project\the-settlers-of-catan\tests\catan.rules.tests\bin\release\net10.0\catan.rules.tests.dll" id="2d57e562-c18a-9bf4-5d28-9953a3df3ef6">
      <Execution id="3225d25a-f502-4bdf-818d-8999199458e5" />
      <TestMethod codeBase="D:\Project\the-settlers-of-catan\tests\Catan.Rules.Tests\bin\Release\net10.0\Catan.Rules.Tests.dll" adapterTypeName="executor://xunit/VsTestRunner3/netcore/" className="Catan.Rules.Tests.BoundaryTests" name="UnknownSeatCannotAcquirePlayerView" />
    </UnitTest>
    <UnitTest name="Catan.Rules.Tests.AcceptanceTests.FrozenIllegalCasesRejectWithoutAnyAuthoritativeChange(caseId: &quot;N08&quot;, at: 19)" storage="d:\project\the-settlers-of-catan\tests\catan.rules.tests\bin\release\net10.0\catan.rules.tests.dll" id="45a8765b-5dc8-d7d6-5f9b-13c82dbe1d5d">
      <Execution id="cdd816b3-590c-4e92-a444-3e2467314454" />
      <TestMethod codeBase="D:\Project\the-settlers-of-catan\tests\Catan.Rules.Tests\bin\Release\net10.0\Catan.Rules.Tests.dll" adapterTypeName="executor://xunit/VsTestRunner3/netcore/" className="Catan.Rules.Tests.AcceptanceTests" name="FrozenIllegalCasesRejectWithoutAnyAuthoritativeChange" />
    </UnitTest>
    <UnitTest name="Catan.Rules.Tests.PersistenceTests.CorruptAuthoritativeSaveFieldsAreRejectedRatherThanSilentlyRepaired(corruption: &quot;pendingAnchor&quot;)" storage="d:\project\the-settlers-of-catan\tests\catan.rules.tests\bin\release\net10.0\catan.rules.tests.dll" id="22b9d493-a22b-d74c-31c3-19aeaaa0b6c8">
      <Execution id="72371f12-7c57-4939-ab52-3f60d8283851" />
      <TestMethod codeBase="D:\Project\the-settlers-of-catan\tests\Catan.Rules.Tests\bin\Release\net10.0\Catan.Rules.Tests.dll" adapterTypeName="executor://xunit/VsTestRunner3/netcore/" className="Catan.Rules.Tests.PersistenceTests" name="CorruptAuthoritativeSaveFieldsAreRejectedRatherThanSilentlyRepaired" />
    </UnitTest>
    <UnitTest name="Catan.Rules.Tests.AcceptanceTests.PreviewAndCancelledGestureDoNotCommitRulesOrConsumeCommandIds(index: 18)" storage="d:\project\the-settlers-of-catan\tests\catan.rules.tests\bin\release\net10.0\catan.rules.tests.dll" id="98d96431-d2ab-0238-6cd4-6e939d566a1b">
      <Execution id="cdcd0c28-a1e1-4e5a-978d-c3b7dc0bc2f0" />
      <TestMethod codeBase="D:\Project\the-settlers-of-catan\tests\Catan.Rules.Tests\bin\Release\net10.0\Catan.Rules.Tests.dll" adapterTypeName="executor://xunit/VsTestRunner3/netcore/" className="Catan.Rules.Tests.AcceptanceTests" name="PreviewAndCancelledGestureDoNotCommitRulesOrConsumeCommandIds" />
    </UnitTest>
    <UnitTest name="Catan.Rules.Tests.AcceptanceTests.RollDiceIntentCannotSupplyDiceOrRandomState" storage="d:\project\the-settlers-of-catan\tests\catan.rules.tests\bin\release\net10.0\catan.rules.tests.dll" id="c7b9226f-2998-dfa6-fd84-95e5e30f9578">
      <Execution id="4f16f1f0-ada4-4217-ae89-316b8f4b375d" />
      <TestMethod codeBase="D:\Project\the-settlers-of-catan\tests\Catan.Rules.Tests\bin\Release\net10.0\Catan.Rules.Tests.dll" adapterTypeName="executor://xunit/VsTestRunner3/netcore/" className="Catan.Rules.Tests.AcceptanceTests" name="RollDiceIntentCannotSupplyDiceOrRandomState" />
    </UnitTest>
    <UnitTest name="Catan.Rules.Tests.PersistenceTests.UnknownSaveRulesAndScenarioVersionsAreExplicitlyRejected(key: &quot;rulesVersion&quot;, replacement: &quot;\&quot;unknown-rules\&quot;&quot;)" storage="d:\project\the-settlers-of-catan\tests\catan.rules.tests\bin\release\net10.0\catan.rules.tests.dll" id="a3cd87a0-3a0c-a977-bc98-13bfba87bdb9">
      <Execution id="ca438607-c7ce-4589-b513-0312aba87069" />
      <TestMethod codeBase="D:\Project\the-settlers-of-catan\tests\Catan.Rules.Tests\bin\Release\net10.0\Catan.Rules.Tests.dll" adapterTypeName="executor://xunit/VsTestRunner3/netcore/" className="Catan.Rules.Tests.PersistenceTests" name="UnknownSaveRulesAndScenarioVersionsAreExplicitlyRejected" />
    </UnitTest>
    <UnitTest name="Catan.Rules.Tests.PersistenceTests.CorruptAuthoritativeSaveFieldsAreRejectedRatherThanSilentlyRepaired(corruption: &quot;hand&quot;)" storage="d:\project\the-settlers-of-catan\tests\catan.rules.tests\bin\release\net10.0\catan.rules.tests.dll" id="d14ec586-06b8-8dc0-da60-a9a8ed297980">
      <Execution id="226eda63-5d53-49a9-9eb1-1d6263a561c2" />
      <TestMethod codeBase="D:\Project\the-settlers-of-catan\tests\Catan.Rules.Tests\bin\Release\net10.0\Catan.Rules.Tests.dll" adapterTypeName="executor://xunit/VsTestRunner3/netcore/" className="Catan.Rules.Tests.PersistenceTests" name="CorruptAuthoritativeSaveFieldsAreRejectedRatherThanSilentlyRepaired" />
    </UnitTest>
    <UnitTest name="Catan.Rules.Tests.AcceptanceTests.ProductionTradeAndRoadRetriesReturnOriginalResultWithoutPublishingAgain(index: 17, restore: True)" storage="d:\project\the-settlers-of-catan\tests\catan.rules.tests\bin\release\net10.0\catan.rules.tests.dll" id="e1676287-dec0-a3d4-c2f2-124e59dc6cd8">
      <Execution id="14a28cfe-44a7-46af-8c7f-60678540e4c3" />
      <TestMethod codeBase="D:\Project\the-settlers-of-catan\tests\Catan.Rules.Tests\bin\Release\net10.0\Catan.Rules.Tests.dll" adapterTypeName="executor://xunit/VsTestRunner3/netcore/" className="Catan.Rules.Tests.AcceptanceTests" name="ProductionTradeAndRoadRetriesReturnOriginalResultWithoutPublishingAgain" />
    </UnitTest>
    <UnitTest name="Catan.Rules.Tests.AcceptanceTests.ReusingAnAcceptedCommandIdWithChangedPayloadRejects(index: 19, restore: False)" storage="d:\project\the-settlers-of-catan\tests\catan.rules.tests\bin\release\net10.0\catan.rules.tests.dll" id="7c69c05d-de6a-b449-9151-374aeb1f0edc">
      <Execution id="d45777ed-e089-4f51-ab52-4e9fb1c51968" />
      <TestMethod codeBase="D:\Project\the-settlers-of-catan\tests\Catan.Rules.Tests\bin\Release\net10.0\Catan.Rules.Tests.dll" adapterTypeName="executor://xunit/VsTestRunner3/netcore/" className="Catan.Rules.Tests.AcceptanceTests" name="ReusingAnAcceptedCommandIdWithChangedPayloadRejects" />
    </UnitTest>
    <UnitTest name="Catan.Rules.Tests.PersistenceTests.UnknownSaveRulesAndScenarioVersionsAreExplicitlyRejected(key: &quot;rulesBaselineId&quot;, replacement: &quot;\&quot;unknown-baseline\&quot;&quot;)" storage="d:\project\the-settlers-of-catan\tests\catan.rules.tests\bin\release\net10.0\catan.rules.tests.dll" id="dcae4c5c-3beb-db45-b719-bcdcc12dbac0">
      <Execution id="8590a804-d977-41dd-9f66-eeca7eb1fb5d" />
      <TestMethod codeBase="D:\Project\the-settlers-of-catan\tests\Catan.Rules.Tests\bin\Release\net10.0\Catan.Rules.Tests.dll" adapterTypeName="executor://xunit/VsTestRunner3/netcore/" className="Catan.Rules.Tests.PersistenceTests" name="UnknownSaveRulesAndScenarioVersionsAreExplicitlyRejected" />
    </UnitTest>
    <UnitTest name="Catan.Rules.Tests.BoundaryTests.UnknownSeatCannotAcquirePlayerView(playerId: &quot;P0&quot;)" storage="d:\project\the-settlers-of-catan\tests\catan.rules.tests\bin\release\net10.0\catan.rules.tests.dll" id="21cc3a41-9e1b-0387-2f7f-685888d86c9d">
      <Execution id="e38c114b-13a6-415f-9f3b-905ccae804fb" />
      <TestMethod codeBase="D:\Project\the-settlers-of-catan\tests\Catan.Rules.Tests\bin\Release\net10.0\Catan.Rules.Tests.dll" adapterTypeName="executor://xunit/VsTestRunner3/netcore/" className="Catan.Rules.Tests.BoundaryTests" name="UnknownSeatCannotAcquirePlayerView" />
    </UnitTest>
    <UnitTest name="Catan.Rules.Tests.AcceptanceTests.FrozenIllegalCasesRejectWithoutAnyAuthoritativeChange(caseId: &quot;N10&quot;, at: 7)" storage="d:\project\the-settlers-of-catan\tests\catan.rules.tests\bin\release\net10.0\catan.rules.tests.dll" id="588a1cbd-9d8b-c3a1-f733-352e4548892c">
      <Execution id="e9b6e6ac-cc4b-4936-93c7-295c5092ceac" />
      <TestMethod codeBase="D:\Project\the-settlers-of-catan\tests\Catan.Rules.Tests\bin\Release\net10.0\Catan.Rules.Tests.dll" adapterTypeName="executor://xunit/VsTestRunner3/netcore/" className="Catan.Rules.Tests.AcceptanceTests" name="FrozenIllegalCasesRejectWithoutAnyAuthoritativeChange" />
    </UnitTest>
    <UnitTest name="Catan.Rules.Tests.AcceptanceTests.FrozenIllegalCasesRejectWithoutAnyAuthoritativeChange(caseId: &quot;N04&quot;, at: 17)" storage="d:\project\the-settlers-of-catan\tests\catan.rules.tests\bin\release\net10.0\catan.rules.tests.dll" id="2e00ec61-c4d6-b80e-14a6-ecd70804afc9">
      <Execution id="f2b34ca1-89b5-4e67-bb9b-ff319a6716d1" />
      <TestMethod codeBase="D:\Project\the-settlers-of-catan\tests\Catan.Rules.Tests\bin\Release\net10.0\Catan.Rules.Tests.dll" adapterTypeName="executor://xunit/VsTestRunner3/netcore/" className="Catan.Rules.Tests.AcceptanceTests" name="FrozenIllegalCasesRejectWithoutAnyAuthoritativeChange" />
    </UnitTest>
    <UnitTest name="Catan.Rules.Tests.PersistenceTests.UnknownSaveRulesAndScenarioVersionsAreExplicitlyRejected(key: &quot;saveFormatVersion&quot;, replacement: &quot;99&quot;)" storage="d:\project\the-settlers-of-catan\tests\catan.rules.tests\bin\release\net10.0\catan.rules.tests.dll" id="913112ee-1d77-2079-f4b1-81715373ff73">
      <Execution id="de1ea21f-b001-402c-aabb-2e16ce7626c4" />
      <TestMethod codeBase="D:\Project\the-settlers-of-catan\tests\Catan.Rules.Tests\bin\Release\net10.0\Catan.Rules.Tests.dll" adapterTypeName="executor://xunit/VsTestRunner3/netcore/" className="Catan.Rules.Tests.PersistenceTests" name="UnknownSaveRulesAndScenarioVersionsAreExplicitlyRejected" />
    </UnitTest>
    <UnitTest name="Catan.Rules.Tests.PersistenceTests.CorruptAuthoritativeSaveFieldsAreRejectedRatherThanSilentlyRepaired(corruption: &quot;pieces&quot;)" storage="d:\project\the-settlers-of-catan\tests\catan.rules.tests\bin\release\net10.0\catan.rules.tests.dll" id="3b739e0a-cc8c-2a5d-0975-a5b2bf802644">
      <Execution id="1571988f-a14c-4a53-9206-e2d0a3780cdc" />
      <TestMethod codeBase="D:\Project\the-settlers-of-catan\tests\Catan.Rules.Tests\bin\Release\net10.0\Catan.Rules.Tests.dll" adapterTypeName="executor://xunit/VsTestRunner3/netcore/" className="Catan.Rules.Tests.PersistenceTests" name="CorruptAuthoritativeSaveFieldsAreRejectedRatherThanSilentlyRepaired" />
    </UnitTest>
    <UnitTest name="Catan.Rules.Tests.AcceptanceTests.ProductionTradeAndRoadRetriesReturnOriginalResultWithoutPublishingAgain(index: 18, restore: False)" storage="d:\project\the-settlers-of-catan\tests\catan.rules.tests\bin\release\net10.0\catan.rules.tests.dll" id="feba20f1-54a0-47e4-a7a5-786df7688efc">
      <Execution id="ee564265-b636-4ab5-ac5e-70df78fc85ef" />
      <TestMethod codeBase="D:\Project\the-settlers-of-catan\tests\Catan.Rules.Tests\bin\Release\net10.0\Catan.Rules.Tests.dll" adapterTypeName="executor://xunit/VsTestRunner3/netcore/" className="Catan.Rules.Tests.AcceptanceTests" name="ProductionTradeAndRoadRetriesReturnOriginalResultWithoutPublishingAgain" />
    </UnitTest>
    <UnitTest name="Catan.Rules.Tests.PersistenceTests.SaveContainsVersionsFullRandomContinuationAndConfirmedRequestReceipts" storage="d:\project\the-settlers-of-catan\tests\catan.rules.tests\bin\release\net10.0\catan.rules.tests.dll" id="1abb6048-c6ba-2768-3ebd-0fa59bff6c52">
      <Execution id="a0d031d5-71a0-479d-ad0d-f7dd32268057" />
      <TestMethod codeBase="D:\Project\the-settlers-of-catan\tests\Catan.Rules.Tests\bin\Release\net10.0\Catan.Rules.Tests.dll" adapterTypeName="executor://xunit/VsTestRunner3/netcore/" className="Catan.Rules.Tests.PersistenceTests" name="SaveContainsVersionsFullRandomContinuationAndConfirmedRequestReceipts" />
    </UnitTest>
    <UnitTest name="Catan.Rules.Tests.PersistenceTests.UnknownSaveRulesAndScenarioVersionsAreExplicitlyRejected(key: &quot;scenarioId&quot;, replacement: &quot;\&quot;unknown-scenario\&quot;&quot;)" storage="d:\project\the-settlers-of-catan\tests\catan.rules.tests\bin\release\net10.0\catan.rules.tests.dll" id="7cc993e8-c1fa-83f7-855f-985fa827782e">
      <Execution id="fa7be04f-5b71-408c-9037-b630c39f8aa6" />
      <TestMethod codeBase="D:\Project\the-settlers-of-catan\tests\Catan.Rules.Tests\bin\Release\net10.0\Catan.Rules.Tests.dll" adapterTypeName="executor://xunit/VsTestRunner3/netcore/" className="Catan.Rules.Tests.PersistenceTests" name="UnknownSaveRulesAndScenarioVersionsAreExplicitlyRejected" />
    </UnitTest>
    <UnitTest name="Catan.Rules.Tests.BoundaryTests.EverySeatsProjectionContainsOnlyOwnTypedHandAndPublicOpponentCounts(through: 18, checkpoint: &quot;afterTrade&quot;)" storage="d:\project\the-settlers-of-catan\tests\catan.rules.tests\bin\release\net10.0\catan.rules.tests.dll" id="d0dfce14-c4c7-e5ce-3709-3ae69f12399d">
      <Execution id="39cb52a8-b06a-42e6-9ea2-c026003641a1" />
      <TestMethod codeBase="D:\Project\the-settlers-of-catan\tests\Catan.Rules.Tests\bin\Release\net10.0\Catan.Rules.Tests.dll" adapterTypeName="executor://xunit/VsTestRunner3/netcore/" className="Catan.Rules.Tests.BoundaryTests" name="EverySeatsProjectionContainsOnlyOwnTypedHandAndPublicOpponentCounts" />
    </UnitTest>
    <UnitTest name="Catan.Rules.Tests.AcceptanceTests.PreviewAndCancelledGestureDoNotCommitRulesOrConsumeCommandIds(index: 0)" storage="d:\project\the-settlers-of-catan\tests\catan.rules.tests\bin\release\net10.0\catan.rules.tests.dll" id="164823b0-6940-39c4-061b-9d3dc4e75e6d">
      <Execution id="b54428f9-939f-481e-9409-b9261d9ecd89" />
      <TestMethod codeBase="D:\Project\the-settlers-of-catan\tests\Catan.Rules.Tests\bin\Release\net10.0\Catan.Rules.Tests.dll" adapterTypeName="executor://xunit/VsTestRunner3/netcore/" className="Catan.Rules.Tests.AcceptanceTests" name="PreviewAndCancelledGestureDoNotCommitRulesOrConsumeCommandIds" />
    </UnitTest>
    <UnitTest name="Catan.Rules.Tests.BoundaryTests.PublicEventSchemaContainsOnlyConfirmedObservableFacts" storage="d:\project\the-settlers-of-catan\tests\catan.rules.tests\bin\release\net10.0\catan.rules.tests.dll" id="d7cb2f8c-a2c0-5ad1-0b2f-1f02bb9091c4">
      <Execution id="1f979cfb-c189-449a-bd37-57980855755d" />
      <TestMethod codeBase="D:\Project\the-settlers-of-catan\tests\Catan.Rules.Tests\bin\Release\net10.0\Catan.Rules.Tests.dll" adapterTypeName="executor://xunit/VsTestRunner3/netcore/" className="Catan.Rules.Tests.BoundaryTests" name="PublicEventSchemaContainsOnlyConfirmedObservableFacts" />
    </UnitTest>
    <UnitTest name="Catan.Rules.Tests.AcceptanceTests.FrozenIllegalCasesRejectWithoutAnyAuthoritativeChange(caseId: &quot;N07&quot;, at: 18)" storage="d:\project\the-settlers-of-catan\tests\catan.rules.tests\bin\release\net10.0\catan.rules.tests.dll" id="5fc161f5-8dab-10b0-d248-6deb41ec0d31">
      <Execution id="d293716c-91c8-4ab1-9e26-df95d55f718f" />
      <TestMethod codeBase="D:\Project\the-settlers-of-catan\tests\Catan.Rules.Tests\bin\Release\net10.0\Catan.Rules.Tests.dll" adapterTypeName="executor://xunit/VsTestRunner3/netcore/" className="Catan.Rules.Tests.AcceptanceTests" name="FrozenIllegalCasesRejectWithoutAnyAuthoritativeChange" />
    </UnitTest>
    <UnitTest name="Catan.Rules.Tests.AcceptanceTests.ProductionTradeAndRoadRetriesReturnOriginalResultWithoutPublishingAgain(index: 19, restore: True)" storage="d:\project\the-settlers-of-catan\tests\catan.rules.tests\bin\release\net10.0\catan.rules.tests.dll" id="9bfc7746-8e1a-dc26-40c0-bdc6b0d97cb8">
      <Execution id="02f4971d-4b95-4123-8be5-781adaede461" />
      <TestMethod codeBase="D:\Project\the-settlers-of-catan\tests\Catan.Rules.Tests\bin\Release\net10.0\Catan.Rules.Tests.dll" adapterTypeName="executor://xunit/VsTestRunner3/netcore/" className="Catan.Rules.Tests.AcceptanceTests" name="ProductionTradeAndRoadRetriesReturnOriginalResultWithoutPublishingAgain" />
    </UnitTest>
    <UnitTest name="Catan.Rules.Tests.PersistenceTests.RequiredSavePointsRoundTripEveryAuthoritativeFieldAndContinueIdentically(at: 17)" storage="d:\project\the-settlers-of-catan\tests\catan.rules.tests\bin\release\net10.0\catan.rules.tests.dll" id="383f7605-ef94-a8da-ec0f-9878a3dba954">
      <Execution id="7ef25c09-f24c-407e-b3ff-7f51f9c31b53" />
      <TestMethod codeBase="D:\Project\the-settlers-of-catan\tests\Catan.Rules.Tests\bin\Release\net10.0\Catan.Rules.Tests.dll" adapterTypeName="executor://xunit/VsTestRunner3/netcore/" className="Catan.Rules.Tests.PersistenceTests" name="RequiredSavePointsRoundTripEveryAuthoritativeFieldAndContinueIdentically" />
    </UnitTest>
    <UnitTest name="Catan.Rules.Tests.PersistenceTests.RequiredSavePointsRoundTripEveryAuthoritativeFieldAndContinueIdentically(at: 7)" storage="d:\project\the-settlers-of-catan\tests\catan.rules.tests\bin\release\net10.0\catan.rules.tests.dll" id="81db1d43-cf2c-9414-4032-76446aaf7fbd">
      <Execution id="945564d6-0a53-4dd9-9994-e7ca3ddb2d6d" />
      <TestMethod codeBase="D:\Project\the-settlers-of-catan\tests\Catan.Rules.Tests\bin\Release\net10.0\Catan.Rules.Tests.dll" adapterTypeName="executor://xunit/VsTestRunner3/netcore/" className="Catan.Rules.Tests.PersistenceTests" name="RequiredSavePointsRoundTripEveryAuthoritativeFieldAndContinueIdentically" />
    </UnitTest>
    <UnitTest name="Catan.Rules.Tests.BoundaryTests.ViewsSnapshotsAndResultReceiptsCannotMutateTheAuthorityByAliasing" storage="d:\project\the-settlers-of-catan\tests\catan.rules.tests\bin\release\net10.0\catan.rules.tests.dll" id="0dec4439-ed3d-12aa-1fa0-c94506791d11">
      <Execution id="970947e7-74c3-43c1-a748-e3f948625837" />
      <TestMethod codeBase="D:\Project\the-settlers-of-catan\tests\Catan.Rules.Tests\bin\Release\net10.0\Catan.Rules.Tests.dll" adapterTypeName="executor://xunit/VsTestRunner3/netcore/" className="Catan.Rules.Tests.BoundaryTests" name="ViewsSnapshotsAndResultReceiptsCannotMutateTheAuthorityByAliasing" />
    </UnitTest>
    <UnitTest name="Catan.Rules.Tests.PersistenceTests.CorruptAuthoritativeSaveFieldsAreRejectedRatherThanSilentlyRepaired(corruption: &quot;dedupFingerprint&quot;)" storage="d:\project\the-settlers-of-catan\tests\catan.rules.tests\bin\release\net10.0\catan.rules.tests.dll" id="6a09e67c-32fe-7bc4-2583-f9a36fc1585b">
      <Execution id="90329aaf-d312-4d64-871f-a19b11b31fe0" />
      <TestMethod codeBase="D:\Project\the-settlers-of-catan\tests\Catan.Rules.Tests\bin\Release\net10.0\Catan.Rules.Tests.dll" adapterTypeName="executor://xunit/VsTestRunner3/netcore/" className="Catan.Rules.Tests.PersistenceTests" name="CorruptAuthoritativeSaveFieldsAreRejectedRatherThanSilentlyRepaired" />
    </UnitTest>
    <UnitTest name="Catan.Rules.Tests.PersistenceTests.C20SaveSurvivesProcessExitAndNewProcessC21PreservesNextDice" storage="d:\project\the-settlers-of-catan\tests\catan.rules.tests\bin\release\net10.0\catan.rules.tests.dll" id="cb1a5747-bf17-a3b5-27fa-f32d5b6411f4">
      <Execution id="4b409ac8-0738-4aa1-affb-e1ddcaca6554" />
      <TestMethod codeBase="D:\Project\the-settlers-of-catan\tests\Catan.Rules.Tests\bin\Release\net10.0\Catan.Rules.Tests.dll" adapterTypeName="executor://xunit/VsTestRunner3/netcore/" className="Catan.Rules.Tests.PersistenceTests" name="C20SaveSurvivesProcessExitAndNewProcessC21PreservesNextDice" />
    </UnitTest>
    <UnitTest name="Catan.Rules.Tests.AcceptanceTests.FrozenIllegalCasesRejectWithoutAnyAuthoritativeChange(caseId: &quot;N01&quot;, at: 2)" storage="d:\project\the-settlers-of-catan\tests\catan.rules.tests\bin\release\net10.0\catan.rules.tests.dll" id="d8f24420-8634-feaf-202a-59da76b842d4">
      <Execution id="e01bd62f-8fe7-4b00-9504-f0376a536a83" />
      <TestMethod codeBase="D:\Project\the-settlers-of-catan\tests\Catan.Rules.Tests\bin\Release\net10.0\Catan.Rules.Tests.dll" adapterTypeName="executor://xunit/VsTestRunner3/netcore/" className="Catan.Rules.Tests.AcceptanceTests" name="FrozenIllegalCasesRejectWithoutAnyAuthoritativeChange" />
    </UnitTest>
    <UnitTest name="Catan.Rules.Tests.AcceptanceTests.ReusingAnAcceptedCommandIdWithChangedPayloadRejects(index: 17, restore: False)" storage="d:\project\the-settlers-of-catan\tests\catan.rules.tests\bin\release\net10.0\catan.rules.tests.dll" id="758a28f8-753d-bb1b-0d44-0c689884ca34">
      <Execution id="8906142a-ace3-492e-bd20-1aee3f035374" />
      <TestMethod codeBase="D:\Project\the-settlers-of-catan\tests\Catan.Rules.Tests\bin\Release\net10.0\Catan.Rules.Tests.dll" adapterTypeName="executor://xunit/VsTestRunner3/netcore/" className="Catan.Rules.Tests.AcceptanceTests" name="ReusingAnAcceptedCommandIdWithChangedPayloadRejects" />
    </UnitTest>
    <UnitTest name="Catan.Rules.Tests.AcceptanceTests.FrozenIllegalCasesRejectWithoutAnyAuthoritativeChange(caseId: &quot;N05&quot;, at: 17)" storage="d:\project\the-settlers-of-catan\tests\catan.rules.tests\bin\release\net10.0\catan.rules.tests.dll" id="9e32f15d-b5c3-3b70-1c0f-47ca1037b3ff">
      <Execution id="288f3e4e-caf4-4060-bed9-e0a605aa5290" />
      <TestMethod codeBase="D:\Project\the-settlers-of-catan\tests\Catan.Rules.Tests\bin\Release\net10.0\Catan.Rules.Tests.dll" adapterTypeName="executor://xunit/VsTestRunner3/netcore/" className="Catan.Rules.Tests.AcceptanceTests" name="FrozenIllegalCasesRejectWithoutAnyAuthoritativeChange" />
    </UnitTest>
    <UnitTest name="Catan.Rules.Tests.AcceptanceTests.ReusingAnAcceptedCommandIdWithChangedPayloadRejects(index: 19, restore: True)" storage="d:\project\the-settlers-of-catan\tests\catan.rules.tests\bin\release\net10.0\catan.rules.tests.dll" id="6ff3277d-9501-a254-3b4c-0ee823f12e9f">
      <Execution id="a02f234c-b46c-49a9-8fe7-bad87fc394e1" />
      <TestMethod codeBase="D:\Project\the-settlers-of-catan\tests\Catan.Rules.Tests\bin\Release\net10.0\Catan.Rules.Tests.dll" adapterTypeName="executor://xunit/VsTestRunner3/netcore/" className="Catan.Rules.Tests.AcceptanceTests" name="ReusingAnAcceptedCommandIdWithChangedPayloadRejects" />
    </UnitTest>
    <UnitTest name="Catan.Rules.Tests.AcceptanceTests.FullC01ToC21SequenceMatchesEveryFrozenLedger" storage="d:\project\the-settlers-of-catan\tests\catan.rules.tests\bin\release\net10.0\catan.rules.tests.dll" id="f19ee081-1ebe-3a7d-b459-8ddb34d5aabd">
      <Execution id="9026ab09-0140-4af4-ad80-1223f4d05ef5" />
      <TestMethod codeBase="D:\Project\the-settlers-of-catan\tests\Catan.Rules.Tests\bin\Release\net10.0\Catan.Rules.Tests.dll" adapterTypeName="executor://xunit/VsTestRunner3/netcore/" className="Catan.Rules.Tests.AcceptanceTests" name="FullC01ToC21SequenceMatchesEveryFrozenLedger" />
    </UnitTest>
    <UnitTest name="Catan.Rules.Tests.AcceptanceTests.ProductionTradeAndRoadRetriesReturnOriginalResultWithoutPublishingAgain(index: 19, restore: False)" storage="d:\project\the-settlers-of-catan\tests\catan.rules.tests\bin\release\net10.0\catan.rules.tests.dll" id="f4c75f81-9794-21c9-8d0e-cc81a1bfde58">
      <Execution id="d334d246-3534-46f6-9260-6052aa58fe99" />
      <TestMethod codeBase="D:\Project\the-settlers-of-catan\tests\Catan.Rules.Tests\bin\Release\net10.0\Catan.Rules.Tests.dll" adapterTypeName="executor://xunit/VsTestRunner3/netcore/" className="Catan.Rules.Tests.AcceptanceTests" name="ProductionTradeAndRoadRetriesReturnOriginalResultWithoutPublishingAgain" />
    </UnitTest>
    <UnitTest name="Catan.Rules.Tests.AcceptanceTests.PreviewAndCancelledGestureDoNotCommitRulesOrConsumeCommandIds(index: 7)" storage="d:\project\the-settlers-of-catan\tests\catan.rules.tests\bin\release\net10.0\catan.rules.tests.dll" id="0208b6a2-542c-8fad-5ef5-088c1f326f9a">
      <Execution id="a993b4b8-769f-49f9-a127-1b3abaa6e80f" />
      <TestMethod codeBase="D:\Project\the-settlers-of-catan\tests\Catan.Rules.Tests\bin\Release\net10.0\Catan.Rules.Tests.dll" adapterTypeName="executor://xunit/VsTestRunner3/netcore/" className="Catan.Rules.Tests.AcceptanceTests" name="PreviewAndCancelledGestureDoNotCommitRulesOrConsumeCommandIds" />
    </UnitTest>
    <UnitTest name="Catan.Rules.Tests.PersistenceTests.UnknownSaveRulesAndScenarioVersionsAreExplicitlyRejected(key: &quot;scenarioContentHash&quot;, replacement: &quot;\&quot;bad-content-hash\&quot;&quot;)" storage="d:\project\the-settlers-of-catan\tests\catan.rules.tests\bin\release\net10.0\catan.rules.tests.dll" id="884c9750-4ec2-ef6d-8923-936581e6bbaa">
      <Execution id="913f8149-7f4b-4a3e-83f5-218d7d6a2e93" />
      <TestMethod codeBase="D:\Project\the-settlers-of-catan\tests\Catan.Rules.Tests\bin\Release\net10.0\Catan.Rules.Tests.dll" adapterTypeName="executor://xunit/VsTestRunner3/netcore/" className="Catan.Rules.Tests.PersistenceTests" name="UnknownSaveRulesAndScenarioVersionsAreExplicitlyRejected" />
    </UnitTest>
    <UnitTest name="Catan.Rules.Tests.AcceptanceTests.ReusingAnAcceptedCommandIdWithChangedPayloadRejects(index: 17, restore: True)" storage="d:\project\the-settlers-of-catan\tests\catan.rules.tests\bin\release\net10.0\catan.rules.tests.dll" id="8b687e40-6fb3-f381-ddcc-b7a230392817">
      <Execution id="bb537372-56b1-41fe-8525-9188b27cb026" />
      <TestMethod codeBase="D:\Project\the-settlers-of-catan\tests\Catan.Rules.Tests\bin\Release\net10.0\Catan.Rules.Tests.dll" adapterTypeName="executor://xunit/VsTestRunner3/netcore/" className="Catan.Rules.Tests.AcceptanceTests" name="ReusingAnAcceptedCommandIdWithChangedPayloadRejects" />
    </UnitTest>
    <UnitTest name="Catan.Rules.Tests.AcceptanceTests.FrozenIllegalCasesRejectWithoutAnyAuthoritativeChange(caseId: &quot;N06&quot;, at: 18)" storage="d:\project\the-settlers-of-catan\tests\catan.rules.tests\bin\release\net10.0\catan.rules.tests.dll" id="f38c977c-43d4-ea7d-9777-c72e1a77d21f">
      <Execution id="829274ea-0d95-4b88-aab2-7cc366c7a6ba" />
      <TestMethod codeBase="D:\Project\the-settlers-of-catan\tests\Catan.Rules.Tests\bin\Release\net10.0\Catan.Rules.Tests.dll" adapterTypeName="executor://xunit/VsTestRunner3/netcore/" className="Catan.Rules.Tests.AcceptanceTests" name="FrozenIllegalCasesRejectWithoutAnyAuthoritativeChange" />
    </UnitTest>
    <UnitTest name="Catan.Rules.Tests.AcceptanceTests.CoreTargetsUnityCompatibleFrameworkWithoutUnityDependencies" storage="d:\project\the-settlers-of-catan\tests\catan.rules.tests\bin\release\net10.0\catan.rules.tests.dll" id="178f04e9-be4c-c7f0-38d6-7f193a8d2d29">
      <Execution id="b40fa813-c60d-4aad-b04f-311fa76c4c95" />
      <TestMethod codeBase="D:\Project\the-settlers-of-catan\tests\Catan.Rules.Tests\bin\Release\net10.0\Catan.Rules.Tests.dll" adapterTypeName="executor://xunit/VsTestRunner3/netcore/" className="Catan.Rules.Tests.AcceptanceTests" name="CoreTargetsUnityCompatibleFrameworkWithoutUnityDependencies" />
    </UnitTest>
    <UnitTest name="Catan.Rules.Tests.BoundaryTests.RuntimeTopologyPreservesAllFrozenIdsCoordinatesAndAdjacencies" storage="d:\project\the-settlers-of-catan\tests\catan.rules.tests\bin\release\net10.0\catan.rules.tests.dll" id="61558faa-d54e-2820-448f-fc9586c063e1">
      <Execution id="956ce202-e1e0-4b10-8739-96717063e056" />
      <TestMethod codeBase="D:\Project\the-settlers-of-catan\tests\Catan.Rules.Tests\bin\Release\net10.0\Catan.Rules.Tests.dll" adapterTypeName="executor://xunit/VsTestRunner3/netcore/" className="Catan.Rules.Tests.BoundaryTests" name="RuntimeTopologyPreservesAllFrozenIdsCoordinatesAndAdjacencies" />
    </UnitTest>
    <UnitTest name="Catan.Rules.Tests.PersistenceTests.PendingSaveRestoresAnchorSeatAndPlacementBeforePermittingC08" storage="d:\project\the-settlers-of-catan\tests\catan.rules.tests\bin\release\net10.0\catan.rules.tests.dll" id="ad5ad599-a98e-75b8-4c4c-6809dc91baf4">
      <Execution id="b215fbf8-8b52-4e25-8b83-7df96299c736" />
      <TestMethod codeBase="D:\Project\the-settlers-of-catan\tests\Catan.Rules.Tests\bin\Release\net10.0\Catan.Rules.Tests.dll" adapterTypeName="executor://xunit/VsTestRunner3/netcore/" className="Catan.Rules.Tests.PersistenceTests" name="PendingSaveRestoresAnchorSeatAndPlacementBeforePermittingC08" />
    </UnitTest>
    <UnitTest name="Catan.Rules.Tests.PersistenceTests.UnknownSaveRulesAndScenarioVersionsAreExplicitlyRejected(key: &quot;scenarioVersion&quot;, replacement: &quot;\&quot;999.0.0\&quot;&quot;)" storage="d:\project\the-settlers-of-catan\tests\catan.rules.tests\bin\release\net10.0\catan.rules.tests.dll" id="b8ca73d1-3e06-51e6-ba1b-c81882e5b497">
      <Execution id="9102166d-bcd2-4c48-8ce5-bfeecd19b6e0" />
      <TestMethod codeBase="D:\Project\the-settlers-of-catan\tests\Catan.Rules.Tests\bin\Release\net10.0\Catan.Rules.Tests.dll" adapterTypeName="executor://xunit/VsTestRunner3/netcore/" className="Catan.Rules.Tests.PersistenceTests" name="UnknownSaveRulesAndScenarioVersionsAreExplicitlyRejected" />
    </UnitTest>
    <UnitTest name="Catan.Rules.Tests.AcceptanceTests.ControlledDiceQueueStopsRatherThanCyclingOrFabricatingAnotherRoll" storage="d:\project\the-settlers-of-catan\tests\catan.rules.tests\bin\release\net10.0\catan.rules.tests.dll" id="35c84f01-cd83-c339-19e5-152b323f1684">
      <Execution id="2e902c8a-8e91-4364-80f3-029d8d940ad8" />
      <TestMethod codeBase="D:\Project\the-settlers-of-catan\tests\Catan.Rules.Tests\bin\Release\net10.0\Catan.Rules.Tests.dll" adapterTypeName="executor://xunit/VsTestRunner3/netcore/" className="Catan.Rules.Tests.AcceptanceTests" name="ControlledDiceQueueStopsRatherThanCyclingOrFabricatingAnotherRoll" />
    </UnitTest>
    <UnitTest name="Catan.Rules.Tests.PersistenceTests.CorruptAuthoritativeSaveFieldsAreRejectedRatherThanSilentlyRepaired(corruption: &quot;randomCursor&quot;)" storage="d:\project\the-settlers-of-catan\tests\catan.rules.tests\bin\release\net10.0\catan.rules.tests.dll" id="08f6159c-7b1b-652b-c194-b14d36fe0cd9">
      <Execution id="a4387e18-813a-451d-b718-02b3de8f76c5" />
      <TestMethod codeBase="D:\Project\the-settlers-of-catan\tests\Catan.Rules.Tests\bin\Release\net10.0\Catan.Rules.Tests.dll" adapterTypeName="executor://xunit/VsTestRunner3/netcore/" className="Catan.Rules.Tests.PersistenceTests" name="CorruptAuthoritativeSaveFieldsAreRejectedRatherThanSilentlyRepaired" />
    </UnitTest>
    <UnitTest name="Catan.Rules.Tests.BoundaryTests.AcceptedCommandReceiptDoesNotAliasCallerOwnedCommand" storage="d:\project\the-settlers-of-catan\tests\catan.rules.tests\bin\release\net10.0\catan.rules.tests.dll" id="01c8efed-aed4-27ba-f869-768cc69891f9">
      <Execution id="c17d6a45-ca70-476b-a5a7-a7e8cdba7b58" />
      <TestMethod codeBase="D:\Project\the-settlers-of-catan\tests\Catan.Rules.Tests\bin\Release\net10.0\Catan.Rules.Tests.dll" adapterTypeName="executor://xunit/VsTestRunner3/netcore/" className="Catan.Rules.Tests.BoundaryTests" name="AcceptedCommandReceiptDoesNotAliasCallerOwnedCommand" />
    </UnitTest>
    <UnitTest name="Catan.Rules.Tests.AcceptanceTests.FrozenIllegalCasesRejectWithoutAnyAuthoritativeChange(caseId: &quot;N02&quot;, at: 7)" storage="d:\project\the-settlers-of-catan\tests\catan.rules.tests\bin\release\net10.0\catan.rules.tests.dll" id="cc146fce-a625-e890-af74-c4f8dc2912ea">
      <Execution id="b93f1e0d-086f-45eb-a0f3-a5b3ec4cd33a" />
      <TestMethod codeBase="D:\Project\the-settlers-of-catan\tests\Catan.Rules.Tests\bin\Release\net10.0\Catan.Rules.Tests.dll" adapterTypeName="executor://xunit/VsTestRunner3/netcore/" className="Catan.Rules.Tests.AcceptanceTests" name="FrozenIllegalCasesRejectWithoutAnyAuthoritativeChange" />
    </UnitTest>
    <UnitTest name="Catan.Rules.Tests.AcceptanceTests.ReusingAnAcceptedCommandIdWithChangedPayloadRejects(index: 18, restore: True)" storage="d:\project\the-settlers-of-catan\tests\catan.rules.tests\bin\release\net10.0\catan.rules.tests.dll" id="5aa44ad1-fd42-dac8-47fc-496b78e9ba39">
      <Execution id="92097d69-53fc-4675-b4a4-3959fa0013da" />
      <TestMethod codeBase="D:\Project\the-settlers-of-catan\tests\Catan.Rules.Tests\bin\Release\net10.0\Catan.Rules.Tests.dll" adapterTypeName="executor://xunit/VsTestRunner3/netcore/" className="Catan.Rules.Tests.AcceptanceTests" name="ReusingAnAcceptedCommandIdWithChangedPayloadRejects" />
    </UnitTest>
    <UnitTest name="Catan.Rules.Tests.AcceptanceTests.ProductionTradeAndRoadRetriesReturnOriginalResultWithoutPublishingAgain(index: 18, restore: True)" storage="d:\project\the-settlers-of-catan\tests\catan.rules.tests\bin\release\net10.0\catan.rules.tests.dll" id="67eac807-16eb-cfb7-6518-e166b93bd03d">
      <Execution id="5914f640-4e94-4b39-819d-00b1ed9d8a47" />
      <TestMethod codeBase="D:\Project\the-settlers-of-catan\tests\Catan.Rules.Tests\bin\Release\net10.0\Catan.Rules.Tests.dll" adapterTypeName="executor://xunit/VsTestRunner3/netcore/" className="Catan.Rules.Tests.AcceptanceTests" name="ProductionTradeAndRoadRetriesReturnOriginalResultWithoutPublishingAgain" />
    </UnitTest>
    <UnitTest name="Catan.Rules.Tests.AcceptanceTests.ReusingAnAcceptedCommandIdWithChangedPayloadRejects(index: 18, restore: False)" storage="d:\project\the-settlers-of-catan\tests\catan.rules.tests\bin\release\net10.0\catan.rules.tests.dll" id="57fede72-5285-f75b-444a-e5ba195cc9fd">
      <Execution id="1f99b20f-b53e-4988-ab1a-0141614be9de" />
      <TestMethod codeBase="D:\Project\the-settlers-of-catan\tests\Catan.Rules.Tests\bin\Release\net10.0\Catan.Rules.Tests.dll" adapterTypeName="executor://xunit/VsTestRunner3/netcore/" className="Catan.Rules.Tests.AcceptanceTests" name="ReusingAnAcceptedCommandIdWithChangedPayloadRejects" />
    </UnitTest>
    <UnitTest name="Catan.Rules.Tests.AcceptanceTests.ProductionTradeAndRoadRetriesReturnOriginalResultWithoutPublishingAgain(index: 17, restore: False)" storage="d:\project\the-settlers-of-catan\tests\catan.rules.tests\bin\release\net10.0\catan.rules.tests.dll" id="d07a37ce-a134-d471-f270-d156d66d4805">
      <Execution id="86239027-cbe5-4350-ad92-9b92804049e5" />
      <TestMethod codeBase="D:\Project\the-settlers-of-catan\tests\Catan.Rules.Tests\bin\Release\net10.0\Catan.Rules.Tests.dll" adapterTypeName="executor://xunit/VsTestRunner3/netcore/" className="Catan.Rules.Tests.AcceptanceTests" name="ProductionTradeAndRoadRetriesReturnOriginalResultWithoutPublishingAgain" />
    </UnitTest>
    <UnitTest name="Catan.Rules.Tests.BoundaryTests.EverySeatsProjectionContainsOnlyOwnTypedHandAndPublicOpponentCounts(through: 17, checkpoint: &quot;afterRoll&quot;)" storage="d:\project\the-settlers-of-catan\tests\catan.rules.tests\bin\release\net10.0\catan.rules.tests.dll" id="0262d531-b749-5878-cad9-a1ca8db52b9f">
      <Execution id="0a75d854-1f8a-4706-9909-3594c34edda2" />
      <TestMethod codeBase="D:\Project\the-settlers-of-catan\tests\Catan.Rules.Tests\bin\Release\net10.0\Catan.Rules.Tests.dll" adapterTypeName="executor://xunit/VsTestRunner3/netcore/" className="Catan.Rules.Tests.BoundaryTests" name="EverySeatsProjectionContainsOnlyOwnTypedHandAndPublicOpponentCounts" />
    </UnitTest>
  </TestDefinitions>
  <TestEntries>
    <TestEntry testId="57fede72-5285-f75b-444a-e5ba195cc9fd" executionId="1f99b20f-b53e-4988-ab1a-0141614be9de" testListId="8c84fa94-04c1-424b-9868-57a2d4851a1d" />
    <TestEntry testId="ac389aa6-5e6c-a130-df60-a51ffe61336a" executionId="53e165d9-2d32-44b6-919f-f61b3b42ffb4" testListId="8c84fa94-04c1-424b-9868-57a2d4851a1d" />
    <TestEntry testId="2d57e562-c18a-9bf4-5d28-9953a3df3ef6" executionId="3225d25a-f502-4bdf-818d-8999199458e5" testListId="8c84fa94-04c1-424b-9868-57a2d4851a1d" />
    <TestEntry testId="c7b9226f-2998-dfa6-fd84-95e5e30f9578" executionId="4f16f1f0-ada4-4217-ae89-316b8f4b375d" testListId="8c84fa94-04c1-424b-9868-57a2d4851a1d" />
    <TestEntry testId="feba20f1-54a0-47e4-a7a5-786df7688efc" executionId="ee564265-b636-4ab5-ac5e-70df78fc85ef" testListId="8c84fa94-04c1-424b-9868-57a2d4851a1d" />
    <TestEntry testId="80e59acc-f1a6-7a03-9bfd-0ebdd4d8d74f" executionId="f7abdef6-e7e1-4da2-b29c-e86d026a0040" testListId="8c84fa94-04c1-424b-9868-57a2d4851a1d" />
    <TestEntry testId="6ff3277d-9501-a254-3b4c-0ee823f12e9f" executionId="a02f234c-b46c-49a9-8fe7-bad87fc394e1" testListId="8c84fa94-04c1-424b-9868-57a2d4851a1d" />
    <TestEntry testId="81db1d43-cf2c-9414-4032-76446aaf7fbd" executionId="945564d6-0a53-4dd9-9994-e7ca3ddb2d6d" testListId="8c84fa94-04c1-424b-9868-57a2d4851a1d" />
    <TestEntry testId="22b9d493-a22b-d74c-31c3-19aeaaa0b6c8" executionId="72371f12-7c57-4939-ab52-3f60d8283851" testListId="8c84fa94-04c1-424b-9868-57a2d4851a1d" />
    <TestEntry testId="5fc161f5-8dab-10b0-d248-6deb41ec0d31" executionId="d293716c-91c8-4ab1-9e26-df95d55f718f" testListId="8c84fa94-04c1-424b-9868-57a2d4851a1d" />
    <TestEntry testId="61558faa-d54e-2820-448f-fc9586c063e1" executionId="956ce202-e1e0-4b10-8739-96717063e056" testListId="8c84fa94-04c1-424b-9868-57a2d4851a1d" />
    <TestEntry testId="1abb6048-c6ba-2768-3ebd-0fa59bff6c52" executionId="a0d031d5-71a0-479d-ad0d-f7dd32268057" testListId="8c84fa94-04c1-424b-9868-57a2d4851a1d" />
    <TestEntry testId="01c8efed-aed4-27ba-f869-768cc69891f9" executionId="c17d6a45-ca70-476b-a5a7-a7e8cdba7b58" testListId="8c84fa94-04c1-424b-9868-57a2d4851a1d" />
    <TestEntry testId="f19ee081-1ebe-3a7d-b459-8ddb34d5aabd" executionId="9026ab09-0140-4af4-ad80-1223f4d05ef5" testListId="8c84fa94-04c1-424b-9868-57a2d4851a1d" />
    <TestEntry testId="383f7605-ef94-a8da-ec0f-9878a3dba954" executionId="7ef25c09-f24c-407e-b3ff-7f51f9c31b53" testListId="8c84fa94-04c1-424b-9868-57a2d4851a1d" />
    <TestEntry testId="2e00ec61-c4d6-b80e-14a6-ecd70804afc9" executionId="f2b34ca1-89b5-4e67-bb9b-ff319a6716d1" testListId="8c84fa94-04c1-424b-9868-57a2d4851a1d" />
    <TestEntry testId="35c84f01-cd83-c339-19e5-152b323f1684" executionId="2e902c8a-8e91-4364-80f3-029d8d940ad8" testListId="8c84fa94-04c1-424b-9868-57a2d4851a1d" />
    <TestEntry testId="08f6159c-7b1b-652b-c194-b14d36fe0cd9" executionId="a4387e18-813a-451d-b718-02b3de8f76c5" testListId="8c84fa94-04c1-424b-9868-57a2d4851a1d" />
    <TestEntry testId="e1676287-dec0-a3d4-c2f2-124e59dc6cd8" executionId="14a28cfe-44a7-46af-8c7f-60678540e4c3" testListId="8c84fa94-04c1-424b-9868-57a2d4851a1d" />
    <TestEntry testId="178f04e9-be4c-c7f0-38d6-7f193a8d2d29" executionId="b40fa813-c60d-4aad-b04f-311fa76c4c95" testListId="8c84fa94-04c1-424b-9868-57a2d4851a1d" />
    <TestEntry testId="f9a4113b-0e0c-5747-19aa-763cb71291b3" executionId="f76c2118-0d74-4d48-8716-e6e3e3b0b0c2" testListId="8c84fa94-04c1-424b-9868-57a2d4851a1d" />
    <TestEntry testId="d0dfce14-c4c7-e5ce-3709-3ae69f12399d" executionId="39cb52a8-b06a-42e6-9ea2-c026003641a1" testListId="8c84fa94-04c1-424b-9868-57a2d4851a1d" />
    <TestEntry testId="8ad8762c-4d14-1ace-d1dc-5c9e333c62ea" executionId="edbca930-ff62-484c-a095-f375fe12d9e2" testListId="8c84fa94-04c1-424b-9868-57a2d4851a1d" />
    <TestEntry testId="b8ca73d1-3e06-51e6-ba1b-c81882e5b497" executionId="9102166d-bcd2-4c48-8ce5-bfeecd19b6e0" testListId="8c84fa94-04c1-424b-9868-57a2d4851a1d" />
    <TestEntry testId="0208b6a2-542c-8fad-5ef5-088c1f326f9a" executionId="a993b4b8-769f-49f9-a127-1b3abaa6e80f" testListId="8c84fa94-04c1-424b-9868-57a2d4851a1d" />
    <TestEntry testId="0262d531-b749-5878-cad9-a1ca8db52b9f" executionId="0a75d854-1f8a-4706-9909-3594c34edda2" testListId="8c84fa94-04c1-424b-9868-57a2d4851a1d" />
    <TestEntry testId="3b739e0a-cc8c-2a5d-0975-a5b2bf802644" executionId="1571988f-a14c-4a53-9206-e2d0a3780cdc" testListId="8c84fa94-04c1-424b-9868-57a2d4851a1d" />
    <TestEntry testId="cb1a5747-bf17-a3b5-27fa-f32d5b6411f4" executionId="4b409ac8-0738-4aa1-affb-e1ddcaca6554" testListId="8c84fa94-04c1-424b-9868-57a2d4851a1d" />
    <TestEntry testId="0dec4439-ed3d-12aa-1fa0-c94506791d11" executionId="970947e7-74c3-43c1-a748-e3f948625837" testListId="8c84fa94-04c1-424b-9868-57a2d4851a1d" />
    <TestEntry testId="d8f24420-8634-feaf-202a-59da76b842d4" executionId="e01bd62f-8fe7-4b00-9504-f0376a536a83" testListId="8c84fa94-04c1-424b-9868-57a2d4851a1d" />
    <TestEntry testId="5aa44ad1-fd42-dac8-47fc-496b78e9ba39" executionId="92097d69-53fc-4675-b4a4-3959fa0013da" testListId="8c84fa94-04c1-424b-9868-57a2d4851a1d" />
    <TestEntry testId="67eac807-16eb-cfb7-6518-e166b93bd03d" executionId="5914f640-4e94-4b39-819d-00b1ed9d8a47" testListId="8c84fa94-04c1-424b-9868-57a2d4851a1d" />
    <TestEntry testId="7c69c05d-de6a-b449-9151-374aeb1f0edc" executionId="d45777ed-e089-4f51-ab52-4e9fb1c51968" testListId="8c84fa94-04c1-424b-9868-57a2d4851a1d" />
    <TestEntry testId="98d96431-d2ab-0238-6cd4-6e939d566a1b" executionId="cdcd0c28-a1e1-4e5a-978d-c3b7dc0bc2f0" testListId="8c84fa94-04c1-424b-9868-57a2d4851a1d" />
    <TestEntry testId="d14ec586-06b8-8dc0-da60-a9a8ed297980" executionId="226eda63-5d53-49a9-9eb1-1d6263a561c2" testListId="8c84fa94-04c1-424b-9868-57a2d4851a1d" />
    <TestEntry testId="d7cb2f8c-a2c0-5ad1-0b2f-1f02bb9091c4" executionId="1f979cfb-c189-449a-bd37-57980855755d" testListId="8c84fa94-04c1-424b-9868-57a2d4851a1d" />
    <TestEntry testId="dcae4c5c-3beb-db45-b719-bcdcc12dbac0" executionId="8590a804-d977-41dd-9f66-eeca7eb1fb5d" testListId="8c84fa94-04c1-424b-9868-57a2d4851a1d" />
    <TestEntry testId="45a8765b-5dc8-d7d6-5f9b-13c82dbe1d5d" executionId="cdd816b3-590c-4e92-a444-3e2467314454" testListId="8c84fa94-04c1-424b-9868-57a2d4851a1d" />
    <TestEntry testId="9bfc7746-8e1a-dc26-40c0-bdc6b0d97cb8" executionId="02f4971d-4b95-4123-8be5-781adaede461" testListId="8c84fa94-04c1-424b-9868-57a2d4851a1d" />
    <TestEntry testId="884c9750-4ec2-ef6d-8923-936581e6bbaa" executionId="913f8149-7f4b-4a3e-83f5-218d7d6a2e93" testListId="8c84fa94-04c1-424b-9868-57a2d4851a1d" />
    <TestEntry testId="7cc993e8-c1fa-83f7-855f-985fa827782e" executionId="fa7be04f-5b71-408c-9037-b630c39f8aa6" testListId="8c84fa94-04c1-424b-9868-57a2d4851a1d" />
    <TestEntry testId="6a09e67c-32fe-7bc4-2583-f9a36fc1585b" executionId="90329aaf-d312-4d64-871f-a19b11b31fe0" testListId="8c84fa94-04c1-424b-9868-57a2d4851a1d" />
    <TestEntry testId="ad5ad599-a98e-75b8-4c4c-6809dc91baf4" executionId="b215fbf8-8b52-4e25-8b83-7df96299c736" testListId="8c84fa94-04c1-424b-9868-57a2d4851a1d" />
    <TestEntry testId="cc146fce-a625-e890-af74-c4f8dc2912ea" executionId="b93f1e0d-086f-45eb-a0f3-a5b3ec4cd33a" testListId="8c84fa94-04c1-424b-9868-57a2d4851a1d" />
    <TestEntry testId="758a28f8-753d-bb1b-0d44-0c689884ca34" executionId="8906142a-ace3-492e-bd20-1aee3f035374" testListId="8c84fa94-04c1-424b-9868-57a2d4851a1d" />
    <TestEntry testId="21cc3a41-9e1b-0387-2f7f-685888d86c9d" executionId="e38c114b-13a6-415f-9f3b-905ccae804fb" testListId="8c84fa94-04c1-424b-9868-57a2d4851a1d" />
    <TestEntry testId="913112ee-1d77-2079-f4b1-81715373ff73" executionId="de1ea21f-b001-402c-aabb-2e16ce7626c4" testListId="8c84fa94-04c1-424b-9868-57a2d4851a1d" />
    <TestEntry testId="9e32f15d-b5c3-3b70-1c0f-47ca1037b3ff" executionId="288f3e4e-caf4-4060-bed9-e0a605aa5290" testListId="8c84fa94-04c1-424b-9868-57a2d4851a1d" />
    <TestEntry testId="588a1cbd-9d8b-c3a1-f733-352e4548892c" executionId="e9b6e6ac-cc4b-4936-93c7-295c5092ceac" testListId="8c84fa94-04c1-424b-9868-57a2d4851a1d" />
    <TestEntry testId="f4c75f81-9794-21c9-8d0e-cc81a1bfde58" executionId="d334d246-3534-46f6-9260-6052aa58fe99" testListId="8c84fa94-04c1-424b-9868-57a2d4851a1d" />
    <TestEntry testId="164823b0-6940-39c4-061b-9d3dc4e75e6d" executionId="b54428f9-939f-481e-9409-b9261d9ecd89" testListId="8c84fa94-04c1-424b-9868-57a2d4851a1d" />
    <TestEntry testId="8b687e40-6fb3-f381-ddcc-b7a230392817" executionId="bb537372-56b1-41fe-8525-9188b27cb026" testListId="8c84fa94-04c1-424b-9868-57a2d4851a1d" />
    <TestEntry testId="f38c977c-43d4-ea7d-9777-c72e1a77d21f" executionId="829274ea-0d95-4b88-aab2-7cc366c7a6ba" testListId="8c84fa94-04c1-424b-9868-57a2d4851a1d" />
    <TestEntry testId="a3cd87a0-3a0c-a977-bc98-13bfba87bdb9" executionId="ca438607-c7ce-4589-b513-0312aba87069" testListId="8c84fa94-04c1-424b-9868-57a2d4851a1d" />
    <TestEntry testId="d07a37ce-a134-d471-f270-d156d66d4805" executionId="86239027-cbe5-4350-ad92-9b92804049e5" testListId="8c84fa94-04c1-424b-9868-57a2d4851a1d" />
  </TestEntries>
  <TestLists>
    <TestList name="列表中未列出的结果" id="8c84fa94-04c1-424b-9868-57a2d4851a1d" />
    <TestList name="所有已加载的结果" id="19431567-8539-422a-85d7-44ee4e166bda" />
  </TestLists>
  <ResultSummary outcome="Completed">
    <Counters total="55" executed="55" passed="55" failed="0" error="0" timeout="0" aborted="0" inconclusive="0" passedButRunAborted="0" notRunnable="0" notExecuted="0" disconnected="0" warning="0" completed="0" inProgress="0" pending="0" />
    <Output>
      <StdOut>[xUnit.net 00:00:00.00] xUnit.net VSTest Adapter v3.1.5+1b188a7b0a (64-bit .NET 10.0.12)&#xD;
[xUnit.net 00:00:00.08]   Discovering: Catan.Rules.Tests&#xD;
[xUnit.net 00:00:00.11]   Discovered:  Catan.Rules.Tests&#xD;
[xUnit.net 00:00:00.14]   Starting:    Catan.Rules.Tests&#xD;
[xUnit.net 00:00:02.65]   Finished:    Catan.Rules.Tests&#xD;
</StdOut>
    </Output>
  </ResultSummary>
</TestRun>