Mono path[0] = 'D:/Project/the-settlers-of-catan/.local/m5/Builds/Windows/CatanM5_Data/Managed'
Mono config path = 'D:/Project/the-settlers-of-catan/.local/m5/Builds/Windows/MonoBleedingEdge/etc'
Input System module state changed to: Initialized.
[Physics::Module] Initialized fallback backend.
[Physics::Module] Id: 0xdecafbad
Initialize engine version: 6000.3.25f1 (e1dba0a9aba4)
[Subsystems] Discovering subsystems at path D:/Project/the-settlers-of-catan/.local/m5/Builds/Windows/CatanM5_Data/UnitySubsystems
Forcing GfxDevice: Direct3D 11
GfxDevice: creating device client; kGfxThreadingModeClientWorkerJobs
Direct3D:
    Version:  Direct3D 11.0 [level 11.1]
    Renderer: AMD Radeon RX 9070 XT (ID=0x7550)
    Vendor:   ATI
    VRAM:     16304 MB
    Driver:   32.0.22042.14002
Begin MonoManager ReloadAssembly
- Loaded All Assemblies, in  1.080 seconds
- Finished resetting the current domain, in  0.002 seconds
[Physics::Module] Selected backend.
[Physics::Module] Name: PhysX
[Physics::Module] Id: 0xf2b8ea05
[Physics::Module] SDK Version: 4.1.2
[Physics::Module] Integration Version: 1.0.0
[Physics::Module] Threading Mode: Multi-Threaded
D3D11 device created for Microsoft Media Foundation video decoding.
<RI> Initializing input.
<RI> Input initialized.
UnloadTime: 0.400700 ms
CATAN_M5_SCENARIO_SETUP_OK: heading-for-new-shores / 3 players / actual ships=3
CATAN_M5_SCENARIO_SETUP_OK: heading-for-new-shores / 4 players / actual ships=4
CATAN_M5_SCENARIO_SETUP_OK: through-the-desert / 3 players / actual ships=3
CATAN_M5_SCENARIO_SETUP_OK: through-the-desert / 4 players / actual ships=4
CATAN_M5_PLAYER_SAVE_OK: 4 supported scenario/player setups, actual ships and knights, event/barbarian commands, privacy curtain, rollback, random continuation, picking, authoritative pending save; knight commands=5; build ship commands=16; pending saves=7
CATAN_M5_RENDER_OK: URP board-only captures; AMD Radeon RX 9070 XT
CATAN_M5_COMPONENT_PREVIEWS_OK: four public-only sample renders; no game-authority edits
[Physics::Module] Cleanup current backend.
[Physics::Module] Id: 0xf2b8ea05
Input System module state changed to: ShutdownInProgress.
Input System polling thread exited.
Input System module state changed to: Shutdown.
